Component: ARM Compiler 5.06 update 6 (build 750) Tool: armlink [4d35ed]

==============================================================================

Section Cross References

    startup_stm32f407xx.o(STACK) refers (Special) to heapauxi.o(.text) for __use_two_region_memory
    startup_stm32f407xx.o(HEAP) refers (Special) to heapauxi.o(.text) for __use_two_region_memory
    startup_stm32f407xx.o(RESET) refers (Special) to heapauxi.o(.text) for __use_two_region_memory
    startup_stm32f407xx.o(RESET) refers to startup_stm32f407xx.o(STACK) for __initial_sp
    startup_stm32f407xx.o(RESET) refers to startup_stm32f407xx.o(.text) for Reset_Handler
    startup_stm32f407xx.o(RESET) refers to stm32f4xx_it.o(i.NMI_Handler) for NMI_Handler
    startup_stm32f407xx.o(RESET) refers to stm32f4xx_it.o(i.HardFault_Handler) for HardFault_Handler
    startup_stm32f407xx.o(RESET) refers to stm32f4xx_it.o(i.MemManage_Handler) for MemManage_Handler
    startup_stm32f407xx.o(RESET) refers to stm32f4xx_it.o(i.BusFault_Handler) for BusFault_Handler
    startup_stm32f407xx.o(RESET) refers to stm32f4xx_it.o(i.UsageFault_Handler) for UsageFault_Handler
    startup_stm32f407xx.o(RESET) refers to stm32f4xx_it.o(i.SVC_Handler) for SVC_Handler
    startup_stm32f407xx.o(RESET) refers to stm32f4xx_it.o(i.DebugMon_Handler) for DebugMon_Handler
    startup_stm32f407xx.o(RESET) refers to stm32f4xx_it.o(i.PendSV_Handler) for PendSV_Handler
    startup_stm32f407xx.o(RESET) refers to stm32f4xx_it.o(i.SysTick_Handler) for SysTick_Handler
    startup_stm32f407xx.o(RESET) refers to stm32f4xx_it.o(i.USART2_IRQHandler) for USART2_IRQHandler
    startup_stm32f407xx.o(.text) refers (Special) to heapauxi.o(.text) for __use_two_region_memory
    startup_stm32f407xx.o(.text) refers to system_stm32f4xx.o(i.SystemInit) for SystemInit
    startup_stm32f407xx.o(.text) refers to __main.o(!!!main) for __main
    startup_stm32f407xx.o(.text) refers to startup_stm32f407xx.o(HEAP) for Heap_Mem
    startup_stm32f407xx.o(.text) refers to startup_stm32f407xx.o(STACK) for Stack_Mem
    clcd_i2c.o(i.CLCD_I2C_BlinkOff) refers to clcd_i2c.o(i.CLCD_WriteI2C) for CLCD_WriteI2C
    clcd_i2c.o(i.CLCD_I2C_BlinkOn) refers to clcd_i2c.o(i.CLCD_WriteI2C) for CLCD_WriteI2C
    clcd_i2c.o(i.CLCD_I2C_Clear) refers to clcd_i2c.o(i.CLCD_WriteI2C) for CLCD_WriteI2C
    clcd_i2c.o(i.CLCD_I2C_Clear) refers to stm32f4xx_hal.o(i.HAL_Delay) for HAL_Delay
    clcd_i2c.o(i.CLCD_I2C_CursorOff) refers to clcd_i2c.o(i.CLCD_WriteI2C) for CLCD_WriteI2C
    clcd_i2c.o(i.CLCD_I2C_CursorOn) refers to clcd_i2c.o(i.CLCD_WriteI2C) for CLCD_WriteI2C
    clcd_i2c.o(i.CLCD_I2C_Init) refers to stm32f4xx_hal.o(i.HAL_Delay) for HAL_Delay
    clcd_i2c.o(i.CLCD_I2C_Init) refers to clcd_i2c.o(i.CLCD_WriteI2C) for CLCD_WriteI2C
    clcd_i2c.o(i.CLCD_I2C_ReturnHome) refers to clcd_i2c.o(i.CLCD_WriteI2C) for CLCD_WriteI2C
    clcd_i2c.o(i.CLCD_I2C_ReturnHome) refers to stm32f4xx_hal.o(i.HAL_Delay) for HAL_Delay
    clcd_i2c.o(i.CLCD_I2C_SetCursor) refers to clcd_i2c.o(i.CLCD_WriteI2C) for CLCD_WriteI2C
    clcd_i2c.o(i.CLCD_I2C_WriteChar) refers to clcd_i2c.o(i.CLCD_WriteI2C) for CLCD_WriteI2C
    clcd_i2c.o(i.CLCD_I2C_WriteString) refers to clcd_i2c.o(i.CLCD_I2C_WriteChar) for CLCD_I2C_WriteChar
    clcd_i2c.o(i.CLCD_WriteI2C) refers to stm32f4xx_hal.o(i.HAL_Delay) for HAL_Delay
    clcd_i2c.o(i.CLCD_WriteI2C) refers to stm32f4xx_hal_i2c.o(i.HAL_I2C_Master_Transmit) for HAL_I2C_Master_Transmit
    i2c-lcd.o(i.lcd_clear_display) refers to i2c-lcd.o(i.lcd_send_cmd) for lcd_send_cmd
    i2c-lcd.o(i.lcd_goto_XY) refers to i2c-lcd.o(i.lcd_send_cmd) for lcd_send_cmd
    i2c-lcd.o(i.lcd_init) refers to i2c-lcd.o(i.lcd_send_cmd) for lcd_send_cmd
    i2c-lcd.o(i.lcd_init) refers to stm32f4xx_hal.o(i.HAL_Delay) for HAL_Delay
    i2c-lcd.o(i.lcd_send_cmd) refers to stm32f4xx_hal_i2c.o(i.HAL_I2C_Master_Transmit) for HAL_I2C_Master_Transmit
    i2c-lcd.o(i.lcd_send_cmd) refers to main.o(.bss) for hi2c1
    i2c-lcd.o(i.lcd_send_data) refers to stm32f4xx_hal_i2c.o(i.HAL_I2C_Master_Transmit) for HAL_I2C_Master_Transmit
    i2c-lcd.o(i.lcd_send_data) refers to main.o(.bss) for hi2c1
    i2c-lcd.o(i.lcd_send_string) refers to i2c-lcd.o(i.lcd_send_data) for lcd_send_data
    delay_timer.o(i.DELAY_TIM_Init) refers to stm32f4xx_hal_tim.o(i.HAL_TIM_Base_Start) for HAL_TIM_Base_Start
    dht.o(i.DHT_DelayUs) refers to delay_timer.o(i.DELAY_TIM_Us) for DELAY_TIM_Us
    dht.o(i.DHT_Init) refers to delay_timer.o(i.DELAY_TIM_Init) for DELAY_TIM_Init
    dht.o(i.DHT_Read) refers to dht.o(i.DHT_SetPinIn) for DHT_SetPinIn
    dht.o(i.DHT_Read) refers to dht.o(i.DHT_ReadPin) for DHT_ReadPin
    dht.o(i.DHT_Read) refers to dht.o(i.DHT_DelayUs) for DHT_DelayUs
    dht.o(i.DHT_ReadPin) refers to stm32f4xx_hal_gpio.o(i.HAL_GPIO_ReadPin) for HAL_GPIO_ReadPin
    dht.o(i.DHT_ReadTempHum) refers to dht.o(i.DHT_Start) for DHT_Start
    dht.o(i.DHT_ReadTempHum) refers to dht.o(i.DHT_Read) for DHT_Read
[...]
    ../clib/signal.c                         0x00000000   Number         0  defsig_other.o ABSOLUTE
    ../clib/signal.c                         0x00000000   Number         0  defsig_segv_inner.o ABSOLUTE
    ../clib/signal.c                         0x00000000   Number         0  defsig_general.o ABSOLUTE
    ../clib/signal.c                         0x00000000   Number         0  __raise.o ABSOLUTE
    ../clib/signal.c                         0x00000000   Number         0  defsig_cppl_inner.o ABSOLUTE
    ../clib/signal.c                         0x00000000   Number         0  defsig_rtmem_formal.o ABSOLUTE
    ../clib/signal.c                         0x00000000   Number         0  defsig_fpe_formal.o ABSOLUTE
    ../clib/signal.c                         0x00000000   Number         0  defsig_fpe_outer.o ABSOLUTE
    ../clib/signal.c                         0x00000000   Number         0  defsig_rtmem_inner.o ABSOLUTE
    ../clib/signal.s                         0x00000000   Number         0  defsig.o ABSOLUTE
    ../clib/stdlib.c                         0x00000000   Number         0  exit.o ABSOLUTE
    ../clib/string.c                         0x00000000   Number         0  strlen.o ABSOLUTE
    ../fplib/basic.s                         0x00000000   Number         0  basic.o ABSOLUTE
    ../fplib/daddsub.s                       0x00000000   Number         0  daddsub_clz.o ABSOLUTE
    ../fplib/dcheck1.s                       0x00000000   Number         0  dcheck1.o ABSOLUTE
    ../fplib/dcmpi.s                         0x00000000   Number         0  dcmpi.o ABSOLUTE
    ../fplib/ddiv.s                          0x00000000   Number         0  ddiv.o ABSOLUTE
    ../fplib/dfix.s                          0x00000000   Number         0  dfix.o ABSOLUTE
    ../fplib/dflt.s                          0x00000000   Number         0  dflt_clz.o ABSOLUTE
    ../fplib/dleqf.s                         0x00000000   Number         0  dleqf.o ABSOLUTE
    ../fplib/dmul.s                          0x00000000   Number         0  dmul.o ABSOLUTE
    ../fplib/dnaninf.s                       0x00000000   Number         0  dnaninf.o ABSOLUTE
    ../fplib/dretinf.s                       0x00000000   Number         0  dretinf.o ABSOLUTE
    ../fplib/drleqf.s                        0x00000000   Number         0  drleqf.o ABSOLUTE
    ../fplib/dsqrt.s                         0x00000000   Number         0  dsqrt_umaal.o ABSOLUTE
    ../fplib/f2d.s                           0x00000000   Number         0  f2d.o ABSOLUTE
    ../fplib/fnaninf.s                       0x00000000   Number         0  fnaninf.o ABSOLUTE
    ../fplib/fpinit.s                        0x00000000   Number         0  fpinit.o ABSOLUTE
    ../fplib/retnan.s                        0x00000000   Number         0  retnan.o ABSOLUTE
    ../fplib/scalbn.s                        0x00000000   Number         0  scalbn.o ABSOLUTE
    ../fplib/trapv.s                         0x00000000   Number         0  trapv.o ABSOLUTE
    ../fplib/usenofp.s                       0x00000000   Number         0  usenofp.o ABSOLUTE
    ../mathlib/dunder.c                      0x00000000   Number         0  dunder.o ABSOLUTE
    ../mathlib/fabs.c                        0x00000000   Number         0  fabs.o ABSOLUTE
    ../mathlib/fpclassify.c                  0x00000000   Number         0  fpclassify.o ABSOLUTE
    ../mathlib/poly.c                        0x00000000   Number         0  poly.o ABSOLUTE
    ../mathlib/pow.c                         0x00000000   Number         0  pow_x.o ABSOLUTE
    ../mathlib/pow.c                         0x00000000   Number         0  pow.o ABSOLUTE
    ../mathlib/qnan.c                        0x00000000   Number         0  qnan.o ABSOLUTE
    ../mathlib/sqrt.c                        0x00000000   Number         0  sqrt_x.o ABSOLUTE
    ../mathlib/sqrt.c                        0x00000000   Number         0  sqrt.o ABSOLUTE
    ..\Core\Src\main.c                       0x00000000   Number         0  main.o ABSOLUTE
    ..\Core\Src\stm32f4xx_hal_msp.c          0x00000000   Number         0  stm32f4xx_hal_msp.o ABSOLUTE
    ..\Core\Src\stm32f4xx_it.c               0x00000000   Number         0  stm32f4xx_it.o ABSOLUTE
    ..\Core\Src\system_stm32f4xx.c           0x00000000   Number         0  system_stm32f4xx.o ABSOLUTE
    ..\Drivers\STM32F4xx_HAL_Driver\Src\stm32f4xx_hal.c 0x00000000   Number         0  stm32f4xx_hal.o ABSOLUTE
    ..\Drivers\STM32F4xx_HAL_Driver\Src\stm32f4xx_hal_cortex.c 0x00000000   Number         0  stm32f4xx_hal_cortex.o ABSOLUTE
    ..\Drivers\STM32F4xx_HAL_Driver\Src\stm32f4xx_hal_dma.c 0x00000000   Number         0  stm32f4xx_hal_dma.o ABSOLUTE
    ..\Drivers\STM32F4xx_HAL_Driver\Src\stm32f4xx_hal_dma_ex.c 0x00000000   Number         0  stm32f4xx_hal_dma_ex.o ABSOLUTE
    ..\Drivers\STM32F4xx_HAL_Driver\Src\stm32f4xx_hal_exti.c 0x00000000   Number         0  stm32f4xx_hal_exti.o ABSOLUTE
    ..\Drivers\STM32F4xx_HAL_Driver\Src\stm32f4xx_hal_flash.c 0x00000000   Number         0  stm32f4xx_hal_flash.o ABSOLUTE
    ..\Drivers\STM32F4xx_HAL_Driver\Src\stm32f4xx_hal_flash_ex.c 0x00000000   Number         0  stm32f4xx_hal_flash_ex.o ABSOLUTE
    ..\Drivers\STM32F4xx_HAL_Driver\Src\stm32f4xx_hal_flash_ramfunc.c 0x00000000   Number         0  stm32f4xx_hal_flash_ramfunc.o ABSOLUTE
    ..\Drivers\STM32F4xx_HAL_Driver\Src\stm32f4xx_hal_gpio.c 0x00000000   Number         0  stm32f4xx_hal_gpio.o ABSOLUTE
    ..\Drivers\STM32F4xx_HAL_Driver\Src\stm32f4xx_hal_i2c.c 0x00000000   Number         0  stm32f4xx_hal_i2c.o ABSOLUTE
    ..\Drivers\STM32F4xx_HAL_Driver\Src\stm32f4xx_hal_i2c_ex.c 0x00000000   Number         0  stm32f4xx_hal_i2c_ex.o ABSOLUTE
    ..\Drivers\STM32F4xx_HAL_Driver\Src\stm32f4xx_hal_pwr.c 0x00000000   Number         0  stm32f4xx_hal_pwr.o ABSOLUTE
    ..\Drivers\STM32F4xx_HAL_Driver\Src\stm32f4xx_hal_pwr_ex.c 0x00000000   Number         0  stm32f4xx_hal_pwr_ex.o ABSOLUTE
    ..\Drivers\STM32F4xx_HAL_Driver\Src\stm32f4xx_hal_rcc.c 0x00000000   Number         0  stm32f4xx_hal_rcc.o ABSOLUTE
    ..\Drivers\STM32F4xx_HAL_Driver\Src\stm32f4xx_hal_rcc_ex.c 0x00000000   Number         0  stm32f4xx_hal_rcc_ex.o ABSOLUTE
    ..\Drivers\STM32F4xx_HAL_Driver\Src\stm32f4xx_hal_tim.c 0x00000000   Number         0  stm32f4xx_hal_tim.o ABSOLUTE
    ..\Drivers\STM32F4xx_HAL_Driver\Src\stm32f4xx_hal_tim_ex.c 0x00000000   Number         0  stm32f4xx_hal_tim_ex.o ABSOLUTE
    ..\Drivers\STM32F4xx_HAL_Driver\Src\stm32f4xx_hal_uart.c 0x00000000   Number         0  stm32f4xx_hal_uart.o ABSOLUTE
    ..\Src\CLCD_I2C.c                        0x00000000   Number         0  clcd_i2c.o ABSOLUTE
    ..\Src\DHT.c                             0x00000000   Number         0  dht.o ABSOLUTE
    ..\Src\delay_timer.c                     0x00000000   Number         0  delay_timer.o ABSOLUTE
    ..\Src\i2c-lcd.c                         0x00000000   Number         0  i2c-lcd.o ABSOLUTE
    ..\\Src\\CLCD_I2C.c                      0x00000000   Number         0  clcd_i2c.o ABSOLUTE
    ..\\Src\\DHT.c                           0x00000000   Number         0  dht.o ABSOLUTE
    ..\\Src\\delay_timer.c                   0x00000000   Number         0  delay_timer.o ABSOLUTE
    ..\\Src\\i2c-lcd.c                       0x00000000   Number         0  i2c-lcd.o ABSOLUTE
    dc.s                                     0x00000000   Number         0  dc.o ABSOLUTE
    startup_stm32f407xx.s                    0x00000000   Number         0  startup_stm32f407xx.o ABSOLUTE
    RESET                                    0x08000000   Section      392  startup_stm32f407xx.o(RESET)
    !!!main                                  0x08000188   Section        8  __main.o(!!!main)
    !!!scatter                               0x08000190   Section       52  __scatter.o(!!!scatter)
    !!handler_copy                           0x080001c4   Section       26  __scatter_copy.o(!!handler_copy)
    !!handler_zi                             0x080001e0   Section       28  __scatter_zi.o(!!handler_zi)
    .ARM.Collect$$libinit$$00000000          0x080001fc   Section        2  libinit.o(.ARM.Collect$$libinit$$00000000)
    .ARM.Collect$$libinit$$00000001          0x080001fe   Section        4  libinit2.o(.ARM.Collect$$libinit$$00000001)
    .ARM.Collect$$libinit$$00000004          0x08000202   Section        0  libinit2.o(.ARM.Collect$$libinit$$00000004)
    .ARM.Collect$$libinit$$0000000A          0x08000202   Section        0  libinit2.o(.ARM.Collect$$libinit$$0000000A)
    .ARM.Collect$$libinit$$0000000C          0x08000202   Section        0  libinit2.o(.ARM.Collect$$libinit$$0000000C)
    .ARM.Collect$$libinit$$0000000E          0x08000202   Section        0  libinit2.o(.ARM.Collect$$libinit$$0000000E)
    .ARM.Collect$$libinit$$00000011          0x08000202   Section        0  libinit2.o(.ARM.Collect$$libinit$$00000011)
    .ARM.Collect$$libinit$$00000013          0x08000202   Section        0  libinit2.o(.ARM.Collect$$libinit$$00000013)
    .ARM.Collect$$libinit$$00000015          0x08000202   Section        0  libinit2.o(.ARM.Collect$$libinit$$00000015)
    .ARM.Collect$$libinit$$00000017          0x08000202   Section        0  libinit2.o(.ARM.Collect$$libinit$$00000017)
    .ARM.Collect$$libinit$$00000019          0x08000202   Section        0  libinit2.o(.ARM.Collect$$libinit$$00000019)
    .ARM.Collect$$libinit$$0000001B          0x08000202   Section        0  libinit2.o(.ARM.Collect$$libinit$$0000001B)
    .ARM.Collect$$libinit$$0000001D          0x08000202   Section        0  libinit2.o(.ARM.Collect$$libinit$$0000001D)
    .ARM.Collect$$libinit$$0000001F          0x08000202   Section        0  libinit2.o(.ARM.Collect$$libinit$$0000001F)
    .ARM.Collect$$libinit$$00000021          0x08000202   Section        0  libinit2.o(.ARM.Collect$$libinit$$00000021)
    .ARM.Collect$$libinit$$00000023          0x08000202   Section        0  libinit2.o(.ARM.Collect$$libinit$$00000023)
    .ARM.Collect$$libinit$$00000025          0x08000202   Section        0  libinit2.o(.ARM.Collect$$libinit$$00000025)
    .ARM.Collect$$libinit$$0000002C          0x08000202   Section        0  libinit2.o(.ARM.Collect$$libinit$$0000002C)
    .ARM.Collect$$libinit$$0000002E          0x08000202   Section        0  libinit2.o(.ARM.Collect$$libinit$$0000002E)
    .ARM.Collect$$libinit$$00000030          0x08000202   Section        0  libinit2.o(.ARM.Collect$$libinit$$00000030)
    .ARM.Collect$$libinit$$00000032          0x08000202   Section        0  libinit2.o(.ARM.Collect$$libinit$$00000032)
    .ARM.Collect$$libinit$$00000033          0x08000202   Section        2  libinit2.o(.ARM.Collect$$libinit$$00000033)
    .ARM.Collect$$libshutdown$$00000000      0x08000204   Section        2  libshutdown.o(.ARM.Collect$$libshutdown$$00000000)
    .ARM.Collect$$libshutdown$$00000002      0x08000206   Section        0  libshutdown2.o(.ARM.Collect$$libshutdown$$00000002)
    .ARM.Collect$$libshutdown$$00000004      0x08000206   Section        0  libshutdown2.o(.ARM.Collect$$libshutdown$$00000004)
    .ARM.Collect$$libshutdown$$00000007      0x08000206   Section        0  libshutdown2.o(.ARM.Collect$$libshutdown$$00000007)
    .ARM.Collect$$libshutdown$$0000000A      0x08000206   Section        0  libshutdown2.o(.ARM.Collect$$libshutdown$$0000000A)
    .ARM.Collect$$libshutdown$$0000000C      0x08000206   Section        0  libshutdown2.o(.ARM.Collect$$libshutdown$$0000000C)
    .ARM.Collect$$libshutdown$$0000000F      0x08000206   Section        0  libshutdown2.o(.ARM.Collect$$libshutdown$$0000000F)
    .ARM.Collect$$libshutdown$$00000010      0x08000206   Section        2  libshutdown2.o(.ARM.Collect$$libshutdown$$00000010)
    .ARM.Collect$$rtentry$$00000000          0x08000208   Section        0  __rtentry.o(.ARM.Collect$$rtentry$$00000000)
    .ARM.Collect$$rtentry$$00000002          0x08000208   Section        0  __rtentry2.o(.ARM.Collect$$rtentry$$00000002)
    .ARM.Collect$$rtentry$$00000004          0x08000208   Section        6  __rtentry4.o(.ARM.Collect$$rtentry$$00000004)
    .ARM.Collect$$rtentry$$00000009          0x0800020e   Section        0  __rtentry2.o(.ARM.Collect$$rtentry$$00000009)
    .ARM.Collect$$rtentry$$0000000A          0x0800020e   Section        4  __rtentry2.o(.ARM.Collect$$rtentry$$0000000A)
    .ARM.Collect$$rtentry$$0000000C          0x08000212   Section        0  __rtentry2.o(.ARM.Collect$$rtentry$$0000000C)
    .ARM.Collect$$rtentry$$0000000D          0x08000212   Section        8  __rtentry2.o(.ARM.Collect$$rtentry$$0000000D)
    .ARM.Collect$$rtexit$$00000000           0x0800021a   Section        2  rtexit.o(.ARM.Collect$$rtexit$$00000000)
    .ARM.Collect$$rtexit$$00000002           0x0800021c   Section        0  rtexit2.o(.ARM.Collect$$rtexit$$00000002)
    .ARM.Collect$$rtexit$$00000003           0x0800021c   Section        4  rtexit2.o(.ARM.Collect$$rtexit$$00000003)
    .ARM.Collect$$rtexit$$00000004           0x08000220   Section        6  rtexit2.o(.ARM.Collect$$rtexit$$00000004)
    .text                                    0x08000228   Section       64  startup_stm32f407xx.o(.text)
    $v0                                      0x08000228   Number         0  startup_stm32f407xx.o(.text)
    .text                                    0x08000268   Section      238  lludivv7m.o(.text)
    .text                                    0x08000356   Section        0  strlen.o(.text)
    .text                                    0x08000394   Section       78  rt_memclr_w.o(.text)
    .text                                    0x080003e2   Section        0  heapauxi.o(.text)
    .text                                    0x080003e8   Section        0  _rserrno.o(.text)
    .text                                    0x08000400   Section        8  rt_errno_addr_intlibspace.o(.text)
    .text                                    0x08000408   Section        8  libspace.o(.text)
    .text                                    0x08000410   Section       74  sys_stackheap_outer.o(.text)
    .text                                    0x0800045a   Section        0  exit.o(.text)
    .text                                    0x0800046c   Section        0  sys_exit.o(.text)
    .text                                    0x08000478   Section        2  use_no_semi.o(.text)
    .text                                    0x0800047a   Section        0  indicate_semi.o(.text)
    i.BusFault_Handler                       0x0800047a   Section        0  stm32f4xx_it.o(i.BusFault_Handler)
    i.DELAY_TIM_Init                         0x0800047c   Section        0  delay_timer.o(i.DELAY_TIM_Init)
    i.DELAY_TIM_Us                           0x08000480   Section        0  delay_timer.o(i.DELAY_TIM_Us)
    i.DHT_DelayUs                            0x08000490   Section        0  dht.o(i.DHT_DelayUs)
    DHT_DelayUs                              0x08000491   Thumb Code     6  dht.o(i.DHT_DelayUs)
    i.DHT_Init                               0x08000496   Section        0  dht.o(i.DHT_Init)
    i.DHT_Read                               0x080004be   Section        0  dht.o(i.DHT_Read)
    DHT_Read                                 0x080004bf   Thumb Code    88  dht.o(i.DHT_Read)
    i.DHT_ReadPin                            0x08000516   Section        0  dht.o(i.DHT_ReadPin)
    DHT_ReadPin                              0x08000517   Thumb Code     8  dht.o(i.DHT_ReadPin)
    i.DHT_ReadTempHum                        0x08000520   Section        0  dht.o(i.DHT_ReadTempHum)
    i.DHT_SetPinIn                           0x08000680   Section        0  dht.o(i.DHT_SetPinIn)
    DHT_SetPinIn                             0x08000681   Thumb Code    38  dht.o(i.DHT_SetPinIn)
    i.DHT_Start                              0x080006a6   Section        0  dht.o(i.DHT_Start)
    DHT_Start                                0x080006a7   Thumb Code   116  dht.o(i.DHT_Start)
    i.DHT_WritePin                           0x0800071a   Section        0  dht.o(i.DHT_WritePin)
    DHT_WritePin                             0x0800071b   Thumb Code    12  dht.o(i.DHT_WritePin)
    i.DebugMon_Handler                       0x08000726   Section        0  stm32f4xx_it.o(i.DebugMon_Handler)
    i.Decimal                                0x08000728   Section        0  dht.o(i.Decimal)
    i.HAL_DMA_Abort                          0x08000740   Section        0  stm32f4xx_hal_dma.o(i.HAL_DMA_Abort)
    i.HAL_DMA_Abort_IT                       0x080007d2   Section        0  stm32f4xx_hal_dma.o(i.HAL_DMA_Abort_IT)
    i.HAL_Delay                              0x080007f8   Section        0  stm32f4xx_hal.o(i.HAL_Delay)
    i.HAL_GPIO_Init                          0x0800081c   Section        0  stm32f4xx_hal_gpio.o(i.HAL_GPIO_Init)
    i.HAL_GPIO_ReadPin                       0x08000a0c   Section        0  stm32f4xx_hal_gpio.o(i.HAL_GPIO_ReadPin)
    i.HAL_GPIO_WritePin                      0x08000a16   Section        0  stm32f4xx_hal_gpio.o(i.HAL_GPIO_WritePin)
    i.HAL_GetTick                            0x08000a20   Section        0  stm32f4xx_hal.o(i.HAL_GetTick)
    i.HAL_I2C_Init                           0x08000a2c   Section        0  stm32f4xx_hal_i2c.o(i.HAL_I2C_Init)
    i.HAL_I2C_MspInit                        0x08000bb4   Section        0  stm32f4xx_hal_msp.o(i.HAL_I2C_MspInit)
    i.HAL_IncTick                            0x08000c1c   Section        0  stm32f4xx_hal.o(i.HAL_IncTick)
    i.HAL_Init                               0x08000c2c   Section        0  stm32f4xx_hal.o(i.HAL_Init)
    i.HAL_InitTick                           0x08000c60   Section        0  stm32f4xx_hal.o(i.HAL_InitTick)
    i.HAL_MspInit                            0x08000ca0   Section        0  stm32f4xx_hal_msp.o(i.HAL_MspInit)
    i.HAL_NVIC_EnableIRQ                     0x08000cd0   Section        0  stm32f4xx_hal_cortex.o(i.HAL_NVIC_EnableIRQ)
    i.HAL_NVIC_SetPriority                   0x08000cec   Section        0  stm32f4xx_hal_cortex.o(i.HAL_NVIC_SetPriority)
    i.HAL_NVIC_SetPriorityGrouping           0x08000d2c   Section        0  stm32f4xx_hal_cortex.o(i.HAL_NVIC_SetPriorityGrouping)
    i.HAL_RCC_ClockConfig                    0x08000d50   Section        0  stm32f4xx_hal_rcc.o(i.HAL_RCC_ClockConfig)
    i.HAL_RCC_GetPCLK1Freq                   0x08000e84   Section        0  stm32f4xx_hal_rcc.o(i.HAL_RCC_GetPCLK1Freq)
    i.HAL_RCC_GetPCLK2Freq                   0x08000ea4   Section        0  stm32f4xx_hal_rcc.o(i.HAL_RCC_GetPCLK2Freq)
    i.HAL_RCC_GetSysClockFreq                0x08000ec4   Section        0  stm32f4xx_hal_rcc.o(i.HAL_RCC_GetSysClockFreq)
    i.HAL_RCC_OscConfig                      0x08000f24   Section        0  stm32f4xx_hal_rcc.o(i.HAL_RCC_OscConfig)
    i.HAL_SYSTICK_Config                     0x08001290   Section        0  stm32f4xx_hal_cortex.o(i.HAL_SYSTICK_Config)
    i.HAL_TIMEx_MasterConfigSynchronization  0x080012b8   Section        0  stm32f4xx_hal_tim_ex.o(i.HAL_TIMEx_MasterConfigSynchronization)
    i.HAL_TIM_Base_Init                      0x08001348   Section        0  stm32f4xx_hal_tim.o(i.HAL_TIM_Base_Init)
    i.HAL_TIM_Base_MspInit                   0x080013a4   Section        0  stm32f4xx_hal_msp.o(i.HAL_TIM_Base_MspInit)
    i.HAL_TIM_Base_Start                     0x080013cc   Section        0  stm32f4xx_hal_tim.o(i.HAL_TIM_Base_Start)
    i.HAL_TIM_ConfigClockSource              0x08001444   Section        0  stm32f4xx_hal_tim.o(i.HAL_TIM_ConfigClockSource)
    i.HAL_UARTEx_RxEventCallback             0x08001520   Section        0  stm32f4xx_hal_uart.o(i.HAL_UARTEx_RxEventCallback)
    i.HAL_UART_ErrorCallback                 0x08001522   Section        0  stm32f4xx_hal_uart.o(i.HAL_UART_ErrorCallback)
    i.HAL_UART_IRQHandler                    0x08001524   Section        0  stm32f4xx_hal_uart.o(i.HAL_UART_IRQHandler)
    i.HAL_UART_Init                          0x0800178c   Section        0  stm32f4xx_hal_uart.o(i.HAL_UART_Init)
    i.HAL_UART_MspInit                       0x080017f0   Section        0  stm32f4xx_hal_msp.o(i.HAL_UART_MspInit)
    i.HAL_UART_Receive_IT                    0x08001868   Section        0  stm32f4xx_hal_uart.o(i.HAL_UART_Receive_IT)
    i.HAL_UART_RxCpltCallback                0x08001894   Section        0  main.o(i.HAL_UART_RxCpltCallback)
    i.HAL_UART_Transmit                      0x08001920   Section        0  stm32f4xx_hal_uart.o(i.HAL_UART_Transmit)
    i.HAL_UART_TxCpltCallback                0x080019d2   Section        0  stm32f4xx_hal_uart.o(i.HAL_UART_TxCpltCallback)
    i.HardFault_Handler                      0x080019d4   Section        0  stm32f4xx_it.o(i.HardFault_Handler)
    i.MX_GPIO_Init                           0x080019d8   Section        0  main.o(i.MX_GPIO_Init)
    MX_GPIO_Init                             0x080019d9   Thumb Code   102  main.o(i.MX_GPIO_Init)
    i.MX_TIM4_Init                           0x08001a48   Section        0  main.o(i.MX_TIM4_Init)
    MX_TIM4_Init                             0x08001a49   Thumb Code    94  main.o(i.MX_TIM4_Init)
    i.MemManage_Handler                      0x08001ab0   Section        0  stm32f4xx_it.o(i.MemManage_Handler)
    i.NMI_Handler                            0x08001ab2   Section        0  stm32f4xx_it.o(i.NMI_Handler)
    i.PendSV_Handler                         0x08001ab4   Section        0  stm32f4xx_it.o(i.PendSV_Handler)
    i.SVC_Handler                            0x08001ab6   Section        0  stm32f4xx_it.o(i.SVC_Handler)
    i.StrCompare                             0x08001ab8   Section        0  main.o(i.StrCompare)
    i.SysTick_Handler                        0x08001ad4   Section        0  stm32f4xx_it.o(i.SysTick_Handler)
    i.SystemClock_Config                     0x08001ad8   Section        0  main.o(i.SystemClock_Config)
    i.SystemInit                             0x08001b68   Section        0  system_stm32f4xx.o(i.SystemInit)
    i.TIM_Base_SetConfig                     0x08001b78   Section        0  stm32f4xx_hal_tim.o(i.TIM_Base_SetConfig)
    i.TIM_ETR_SetConfig                      0x08001c40   Section        0  stm32f4xx_hal_tim.o(i.TIM_ETR_SetConfig)
    i.TIM_ITRx_SetConfig                     0x08001c54   Section        0  stm32f4xx_hal_tim.o(i.TIM_ITRx_SetConfig)
    TIM_ITRx_SetConfig                       0x08001c55   Thumb Code    16  stm32f4xx_hal_tim.o(i.TIM_ITRx_SetConfig)
    i.TIM_TI1_ConfigInputStage               0x08001c64   Section        0  stm32f4xx_hal_tim.o(i.TIM_TI1_ConfigInputStage)
    TIM_TI1_ConfigInputStage                 0x08001c65   Thumb Code    34  stm32f4xx_hal_tim.o(i.TIM_TI1_ConfigInputStage)
    i.TIM_TI2_ConfigInputStage               0x08001c86   Section        0  stm32f4xx_hal_tim.o(i.TIM_TI2_ConfigInputStage)
    TIM_TI2_ConfigInputStage                 0x08001c87   Thumb Code    36  stm32f4xx_hal_tim.o(i.TIM_TI2_ConfigInputStage)
    i.UART_DMAAbortOnError                   0x08001caa   Section        0  stm32f4xx_hal_uart.o(i.UART_DMAAbortOnError)
    UART_DMAAbortOnError                     0x08001cab   Thumb Code    16  stm32f4xx_hal_uart.o(i.UART_DMAAbortOnError)
    i.UART_EndRxTransfer                     0x08001cba   Section        0  stm32f4xx_hal_uart.o(i.UART_EndRxTransfer)
    UART_EndRxTransfer                       0x08001cbb   Thumb Code    78  stm32f4xx_hal_uart.o(i.UART_EndRxTransfer)
    i.UART_Receive_IT                        0x08001d08   Section        0  stm32f4xx_hal_uart.o(i.UART_Receive_IT)
    UART_Receive_IT                          0x08001d09   Thumb Code   192  stm32f4xx_hal_uart.o(i.UART_Receive_IT)
    i.UART_SetConfig                         0x08001dc8   Section        0  stm32f4xx_hal_uart.o(i.UART_SetConfig)
    UART_SetConfig                           0x08001dc9   Thumb Code   258  stm32f4xx_hal_uart.o(i.UART_SetConfig)
    i.UART_Start_Receive_IT                  0x08001ed4   Section        0  stm32f4xx_hal_uart.o(i.UART_Start_Receive_IT)
    i.UART_WaitOnFlagUntilTimeout            0x08001f0a   Section        0  stm32f4xx_hal_uart.o(i.UART_WaitOnFlagUntilTimeout)
    UART_WaitOnFlagUntilTimeout              0x08001f0b   Thumb Code   120  stm32f4xx_hal_uart.o(i.UART_WaitOnFlagUntilTimeout)
    i.USART2_IRQHandler                      0x08001f84   Section        0  stm32f4xx_it.o(i.USART2_IRQHandler)
    i.UsageFault_Handler                     0x08001f90   Section        0  stm32f4xx_it.o(i.UsageFault_Handler)
    i.__ARM_fpclassify                       0x08001f92   Section        0  fpclassify.o(i.__ARM_fpclassify)
    i.__NVIC_SetPriority                     0x08001fc2   Section        0  stm32f4xx_hal_cortex.o(i.__NVIC_SetPriority)
    __NVIC_SetPriority                       0x08001fc3   Thumb Code    32  stm32f4xx_hal_cortex.o(i.__NVIC_SetPriority)
    i.__hardfp_pow                           0x08001fe8   Section        0  pow.o(i.__hardfp_pow)
    i.__kernel_poly                          0x08002c38   Section        0  poly.o(i.__kernel_poly)
    i.__mathlib_dbl_divzero                  0x08002d30   Section        0  dunder.o(i.__mathlib_dbl_divzero)
    i.__mathlib_dbl_infnan2                  0x08002d60   Section        0  dunder.o(i.__mathlib_dbl_infnan2)
    i.__mathlib_dbl_invalid                  0x08002d78   Section        0  dunder.o(i.__mathlib_dbl_invalid)
    i.__mathlib_dbl_overflow                 0x08002d98   Section        0  dunder.o(i.__mathlib_dbl_overflow)
    i.__mathlib_dbl_underflow                0x08002db8   Section        0  dunder.o(i.__mathlib_dbl_underflow)
    i.fabs                                   0x08002dd8   Section        0  fabs.o(i.fabs)
    i.main                                   0x08002df0   Section        0  main.o(i.main)
    i.sqrt                                   0x08002e9c   Section        0  sqrt.o(i.sqrt)
    i.subString                              0x08002f0a   Section        0  main.o(i.subString)
    x$fpl$basic                              0x08002f2c   Section       24  basic.o(x$fpl$basic)
    $v0                                      0x08002f2c   Number         0  basic.o(x$fpl$basic)
    x$fpl$dadd                               0x08002f44   Section      336  daddsub_clz.o(x$fpl$dadd)
    $v0                                      0x08002f44   Number         0  daddsub_clz.o(x$fpl$dadd)
    _dadd1                                   0x08002f55   Thumb Code     0  daddsub_clz.o(x$fpl$dadd)
    x$fpl$dcheck1                            0x08003094   Section       16  dcheck1.o(x$fpl$dcheck1)
    $v0                                      0x08003094   Number         0  dcheck1.o(x$fpl$dcheck1)
    x$fpl$dcmpinf                            0x080030a4   Section       24  dcmpi.o(x$fpl$dcmpinf)
    $v0                                      0x080030a4   Number         0  dcmpi.o(x$fpl$dcmpinf)
    x$fpl$ddiv                               0x080030bc   Section      688  ddiv.o(x$fpl$ddiv)
    $v0                                      0x080030bc   Number         0  ddiv.o(x$fpl$ddiv)
    ddiv_entry                               0x080030c3   Thumb Code     0  ddiv.o(x$fpl$ddiv)
    x$fpl$dfix                               0x0800336c   Section       94  dfix.o(x$fpl$dfix)
    $v0                                      0x0800336c   Number         0  dfix.o(x$fpl$dfix)
    x$fpl$dflt                               0x080033ca   Section       46  dflt_clz.o(x$fpl$dflt)
    $v0                                      0x080033ca   Number         0  dflt_clz.o(x$fpl$dflt)
    x$fpl$dfltu                              0x080033f8   Section       38  dflt_clz.o(x$fpl$dfltu)
    $v0                                      0x080033f8   Number         0  dflt_clz.o(x$fpl$dfltu)
    x$fpl$dleqf                              0x08003420   Section      120  dleqf.o(x$fpl$dleqf)
    $v0                                      0x08003420   Number         0  dleqf.o(x$fpl$dleqf)
    x$fpl$dmul                               0x08003498   Section      340  dmul.o(x$fpl$dmul)
    $v0                                      0x08003498   Number         0  dmul.o(x$fpl$dmul)
    x$fpl$dnaninf                            0x080035ec   Section      156  dnaninf.o(x$fpl$dnaninf)
    $v0                                      0x080035ec   Number         0  dnaninf.o(x$fpl$dnaninf)
    x$fpl$dretinf                            0x08003688   Section       12  dretinf.o(x$fpl$dretinf)
    $v0                                      0x08003688   Number         0  dretinf.o(x$fpl$dretinf)
    x$fpl$drleqf                             0x08003694   Section      108  drleqf.o(x$fpl$drleqf)
    $v0                                      0x08003694   Number         0  drleqf.o(x$fpl$drleqf)
    x$fpl$drsb                               0x08003700   Section       22  daddsub_clz.o(x$fpl$drsb)
    $v0                                      0x08003700   Number         0  daddsub_clz.o(x$fpl$drsb)
    x$fpl$dsqrt                              0x08003718   Section      408  dsqrt_umaal.o(x$fpl$dsqrt)
    $v0                                      0x08003718   Number         0  dsqrt_umaal.o(x$fpl$dsqrt)
    x$fpl$dsub                               0x080038b0   Section      468  daddsub_clz.o(x$fpl$dsub)
    $v0                                      0x080038b0   Number         0  daddsub_clz.o(x$fpl$dsub)
    _dsub1                                   0x080038c1   Thumb Code     0  daddsub_clz.o(x$fpl$dsub)
    x$fpl$f2d                                0x08003a84   Section       86  f2d.o(x$fpl$f2d)
    $v0                                      0x08003a84   Number         0  f2d.o(x$fpl$f2d)
    x$fpl$fnaninf                            0x08003ada   Section      140  fnaninf.o(x$fpl$fnaninf)
    $v0                                      0x08003ada   Number         0  fnaninf.o(x$fpl$fnaninf)
    x$fpl$fpinit                             0x08003b66   Section       10  fpinit.o(x$fpl$fpinit)
    $v0                                      0x08003b66   Number         0  fpinit.o(x$fpl$fpinit)
    x$fpl$retnan                             0x08003b70   Section      100  retnan.o(x$fpl$retnan)
    $v0                                      0x08003b70   Number         0  retnan.o(x$fpl$retnan)
    x$fpl$scalbn                             0x08003bd4   Section       92  scalbn.o(x$fpl$scalbn)
    $v0                                      0x08003bd4   Number         0  scalbn.o(x$fpl$scalbn)
    x$fpl$trapveneer                         0x08003c30   Section       48  trapv.o(x$fpl$trapveneer)
    $v0                                      0x08003c30   Number         0  trapv.o(x$fpl$trapveneer)
    .constdata                               0x08003c60   Section       16  system_stm32f4xx.o(.constdata)
    x$fpl$usenofp                            0x08003c60   Section        0  usenofp.o(x$fpl$usenofp)
    .constdata                               0x08003c70   Section        8  system_stm32f4xx.o(.constdata)
    .constdata                               0x08003c78   Section      136  pow.o(.constdata)
    bp                                       0x08003c78   Data          16  pow.o(.constdata)
    dp_h                                     0x08003c88   Data          16  pow.o(.constdata)
    dp_l                                     0x08003c98   Data          16  pow.o(.constdata)
    L                                        0x08003ca8   Data          48  pow.o(.constdata)
    P                                        0x08003cd8   Data          40  pow.o(.constdata)
    .constdata                               0x08003d00   Section        8  qnan.o(.constdata)
    .data                                    0x20000000   Section       11  main.o(.data)
    .data                                    0x2000000c   Section       12  stm32f4xx_hal.o(.data)
    .data                                    0x20000018   Section        4  system_stm32f4xx.o(.data)
    .bss                                     0x2000001c   Section      264  main.o(.bss)
    .bss                                     0x20000124   Section       96  libspace.o(.bss)
    HEAP                                     0x20000188   Section      512  startup_stm32f407xx.o(HEAP)
    Heap_Mem                                 0x20000188   Data         512  startup_stm32f407xx.o(HEAP)
    STACK                                    0x20000388   Section     1024  startup_stm32f407xx.o(STACK)
    Stack_Mem                                0x20000388   Data        1024  startup_stm32f407xx.o(STACK)
    __initial_sp                             0x20000788   Data           0  startup_stm32f407xx.o(STACK)

    Global Symbols

    Symbol Name                              Value     Ov Type        Size  Object(Section)

    BuildAttributes$$THM_ISAv4$E$P$D$K$B$S$7EM$VFPi3$EXTD16$VFPS$VFMA$PE$A:L22UL41UL21$X:L11$S22US41US21$IEEE1$IW$USESV6$~STKCKD$USESV7$~SHL$OTIME$ROPI$IEEEX$EBA8$UX$STANDARDLIB$REQ8$PRES8$EABIv2 0x00000000   Number         0  anon$$obj.o ABSOLUTE
    __ARM_use_no_argv                        0x00000000   Number         0  main.o ABSOLUTE
    __ARM_exceptions_init                     - Undefined Weak Reference
    __alloca_initialize                       - Undefined Weak Reference
    __arm_preinit_                            - Undefined Weak Reference
    __cpp_initialize__aeabi_                  - Undefined Weak Reference
    __cxa_finalize                            - Undefined Weak Reference
    __rt_locale                               - Undefined Weak Reference
    __sigvec_lookup                           - Undefined Weak Reference
    _atexit_init                              - Undefined Weak Reference
    _call_atexit_fns                          - Undefined Weak Reference
    _clock_init                               - Undefined Weak Reference
    _fp_trap_init                             - Undefined Weak Reference
    _fp_trap_shutdown                         - Undefined Weak Reference
    _get_lc_collate                           - Undefined Weak Reference
    _get_lc_ctype                             - Undefined Weak Reference
    _get_lc_monetary                          - Undefined Weak Reference
    _get_lc_numeric                           - Undefined Weak Reference
    _get_lc_time                              - Undefined Weak Reference
    _getenv_init                              - Undefined Weak Reference
    _handle_redirection                       - Undefined Weak Reference
    _init_alloc                               - Undefined Weak Reference
    _init_user_alloc                          - Undefined Weak Reference
    _initio                                   - Undefined Weak Reference
    _rand_init                                - Undefined Weak Reference
    _signal_finish                            - Undefined Weak Reference
    _signal_init                              - Undefined Weak Reference
    _terminate_alloc                          - Undefined Weak Reference
    _terminate_user_alloc                     - Undefined Weak Reference
    _terminateio                              - Undefined Weak Reference
    __Vectors_Size                           0x00000188   Number         0  startup_stm32f407xx.o ABSOLUTE
    __Vectors                                0x08000000   Data           4  startup_stm32f407xx.o(RESET)
    __Vectors_End                            0x08000188   Data           0  startup_stm32f407xx.o(RESET)
    __main                                   0x08000189   Thumb Code     8  __main.o(!!!main)
    __scatterload                            0x08000191   Thumb Code     0  __scatter.o(!!!scatter)
    __scatterload_rt2                        0x08000191   Thumb Code    44  __scatter.o(!!!scatter)
    __scatterload_rt2_thumb_only             0x08000191   Thumb Code     0  __scatter.o(!!!scatter)
    __scatterload_null                       0x0800019f   Thumb Code     0  __scatter.o(!!!scatter)
    __scatterload_copy                       0x080001c5   Thumb Code    26  __scatter_copy.o(!!handler_copy)
    __scatterload_zeroinit                   0x080001e1   Thumb Code    28  __scatter_zi.o(!!handler_zi)
    __rt_lib_init                            0x080001fd   Thumb Code     0  libinit.o(.ARM.Collect$$libinit$$00000000)
    __rt_lib_init_fp_1                       0x080001ff   Thumb Code     0  libinit2.o(.ARM.Collect$$libinit$$00000001)
    __rt_lib_init_alloca_1                   0x08000203   Thumb Code     0  libinit2.o(.ARM.Collect$$libinit$$0000002E)
    __rt_lib_init_argv_1                     0x08000203   Thumb Code     0  libinit2.o(.ARM.Collect$$libinit$$0000002C)
    __rt_lib_init_atexit_1                   0x08000203   Thumb Code     0  libinit2.o(.ARM.Collect$$libinit$$0000001B)
    __rt_lib_init_clock_1                    0x08000203   Thumb Code     0  libinit2.o(.ARM.Collect$$libinit$$00000021)
    __rt_lib_init_cpp_1                      0x08000203   Thumb Code     0  libinit2.o(.ARM.Collect$$libinit$$00000032)
    __rt_lib_init_exceptions_1               0x08000203   Thumb Code     0  libinit2.o(.ARM.Collect$$libinit$$00000030)
    __rt_lib_init_fp_trap_1                  0x08000203   Thumb Code     0  libinit2.o(.ARM.Collect$$libinit$$0000001F)
    __rt_lib_init_getenv_1                   0x08000203   Thumb Code     0  libinit2.o(.ARM.Collect$$libinit$$00000023)
    __rt_lib_init_heap_1                     0x08000203   Thumb Code     0  libinit2.o(.ARM.Collect$$libinit$$0000000A)
    __rt_lib_init_lc_collate_1               0x08000203   Thumb Code     0  libinit2.o(.ARM.Collect$$libinit$$00000011)
    __rt_lib_init_lc_ctype_1                 0x08000203   Thumb Code     0  libinit2.o(.ARM.Collect$$libinit$$00000013)
    __rt_lib_init_lc_monetary_1              0x08000203   Thumb Code     0  libinit2.o(.ARM.Collect$$libinit$$00000015)
    __rt_lib_init_lc_numeric_1               0x08000203   Thumb Code     0  libinit2.o(.ARM.Collect$$libinit$$00000017)
    __rt_lib_init_lc_time_1                  0x08000203   Thumb Code     0  libinit2.o(.ARM.Collect$$libinit$$00000019)
    __rt_lib_init_preinit_1                  0x08000203   Thumb Code     0  libinit2.o(.ARM.Collect$$libinit$$00000004)
    __rt_lib_init_rand_1                     0x08000203   Thumb Code     0  libinit2.o(.ARM.Collect$$libinit$$0000000E)
    __rt_lib_init_return                     0x08000203   Thumb Code     0  libinit2.o(.ARM.Collect$$libinit$$00000033)
    __rt_lib_init_signal_1                   0x08000203   Thumb Code     0  libinit2.o(.ARM.Collect$$libinit$$0000001D)
    __rt_lib_init_stdio_1                    0x08000203   Thumb Code     0  libinit2.o(.ARM.Collect$$libinit$$00000025)
    __rt_lib_init_user_alloc_1               0x08000203   Thumb Code     0  libinit2.o(.ARM.Collect$$libinit$$0000000C)
    __rt_lib_shutdown                        0x08000205   Thumb Code     0  libshutdown.o(.ARM.Collect$$libshutdown$$00000000)
    __rt_lib_shutdown_cpp_1                  0x08000207   Thumb Code     0  libshutdown2.o(.ARM.Collect$$libshutdown$$00000002)
    __rt_lib_shutdown_fp_trap_1              0x08000207   Thumb Code     0  libshutdown2.o(.ARM.Collect$$libshutdown$$00000007)
    __rt_lib_shutdown_heap_1                 0x08000207   Thumb Code     0  libshutdown2.o(.ARM.Collect$$libshutdown$$0000000F)
    __rt_lib_shutdown_return                 0x08000207   Thumb Code     0  libshutdown2.o(.ARM.Collect$$libshutdown$$00000010)
    __rt_lib_shutdown_signal_1               0x08000207   Thumb Code     0  libshutdown2.o(.ARM.Collect$$libshutdown$$0000000A)
    __rt_lib_shutdown_stdio_1                0x08000207   Thumb Code     0  libshutdown2.o(.ARM.Collect$$libshutdown$$00000004)
    __rt_lib_shutdown_user_alloc_1           0x08000207   Thumb Code     0  libshutdown2.o(.ARM.Collect$$libshutdown$$0000000C)
    __rt_entry                               0x08000209   Thumb Code     0  __rtentry.o(.ARM.Collect$$rtentry$$00000000)
    __rt_entry_presh_1                       0x08000209   Thumb Code     0  __rtentry2.o(.ARM.Collect$$rtentry$$00000002)
    __rt_entry_sh                            0x08000209   Thumb Code     0  __rtentry4.o(.ARM.Collect$$rtentry$$00000004)
    __rt_entry_li                            0x0800020f   Thumb Code     0  __rtentry2.o(.ARM.Collect$$rtentry$$0000000A)
    __rt_entry_postsh_1                      0x0800020f   Thumb Code     0  __rtentry2.o(.ARM.Collect$$rtentry$$00000009)
    __rt_entry_main                          0x08000213   Thumb Code     0  __rtentry2.o(.ARM.Collect$$rtentry$$0000000D)
    __rt_entry_postli_1                      0x08000213   Thumb Code     0  __rtentry2.o(.ARM.Collect$$rtentry$$0000000C)
    __rt_exit                                0x0800021b   Thumb Code     0  rtexit.o(.ARM.Collect$$rtexit$$00000000)
    __rt_exit_ls                             0x0800021d   Thumb Code     0  rtexit2.o(.ARM.Collect$$rtexit$$00000003)
    __rt_exit_prels_1                        0x0800021d   Thumb Code     0  rtexit2.o(.ARM.Collect$$rtexit$$00000002)
    __rt_exit_exit                           0x08000221   Thumb Code     0  rtexit2.o(.ARM.Collect$$rtexit$$00000004)
    Reset_Handler                            0x08000229   Thumb Code     8  startup_stm32f407xx.o(.text)
    ADC_IRQHandler                           0x08000243   Thumb Code     0  startup_stm32f407xx.o(.text)
    CAN1_RX0_IRQHandler                      0x08000243   Thumb Code     0  startup_stm32f407xx.o(.text)
    CAN1_RX1_IRQHandler                      0x08000243   Thumb Code     0  startup_stm32f407xx.o(.text)
    CAN1_SCE_IRQHandler                      0x08000243   Thumb Code     0  startup_stm32f407xx.o(.text)
    CAN1_TX_IRQHandler                       0x08000243   Thumb Code     0  startup_stm32f407xx.o(.text)
    CAN2_RX0_IRQHandler                      0x08000243   Thumb Code     0  startup_stm32f407xx.o(.text)
    CAN2_RX1_IRQHandler                      0x08000243   Thumb Code     0  startup_stm32f407xx.o(.text)
    CAN2_SCE_IRQHandler                      0x08000243   Thumb Code     0  startup_stm32f407xx.o(.text)
    CAN2_TX_IRQHandler                       0x08000243   Thumb Code     0  startup_stm32f407xx.o(.text)
    DCMI_IRQHandler                          0x08000243   Thumb Code     0  startup_stm32f407xx.o(.text)
    DMA1_Stream0_IRQHandler                  0x08000243   Thumb Code     0  startup_stm32f407xx.o(.text)
    DMA1_Stream1_IRQHandler                  0x08000243   Thumb Code     0  startup_stm32f407xx.o(.text)
    DMA1_Stream2_IRQHandler                  0x08000243   Thumb Code     0  startup_stm32f407xx.o(.text)
    DMA1_Stream3_IRQHandler                  0x08000243   Thumb Code     0  startup_stm32f407xx.o(.text)
    DMA1_Stream4_IRQHandler                  0x08000243   Thumb Code     0  startup_stm32f407xx.o(.text)
    DMA1_Stream5_IRQHandler                  0x08000243   Thumb Code     0  startup_stm32f407xx.o(.text)
    DMA1_Stream6_IRQHandler                  0x08000243   Thumb Code     0  startup_stm32f407xx.o(.text)
    DMA1_Stream7_IRQHandler                  0x08000243   Thumb Code     0  startup_stm32f407xx.o(.text)
    DMA2_Stream0_IRQHandler                  0x08000243   Thumb Code     0  startup_stm32f407xx.o(.text)
    DMA2_Stream1_IRQHandler                  0x08000243   Thumb Code     0  startup_stm32f407xx.o(.text)
    DMA2_Stream2_IRQHandler                  0x08000243   Thumb Code     0  startup_stm32f407xx.o(.text)
    DMA2_Stream3_IRQHandler                  0x08000243   Thumb Code     0  startup_stm32f407xx.o(.text)
    DMA2_Stream4_IRQHandler                  0x08000243   Thumb Code     0  startup_stm32f407xx.o(.text)
    DMA2_Stream5_IRQHandler                  0x08000243   Thumb Code     0  startup_stm32f407xx.o(.text)
    DMA2_Stream6_IRQHandler                  0x08000243   Thumb Code     0  startup_stm32f407xx.o(.text)
    DMA2_Stream7_IRQHandler                  0x08000243   Thumb Code     0  startup_stm32f407xx.o(.text)
    ETH_IRQHandler                           0x08000243   Thumb Code     0  startup_stm32f407xx.o(.text)
    ETH_WKUP_IRQHandler                      0x08000243   Thumb Code     0  startup_stm32f407xx.o(.text)
    EXTI0_IRQHandler                         0x08000243   Thumb Code     0  startup_stm32f407xx.o(.text)
    EXTI15_10_IRQHandler                     0x08000243   Thumb Code     0  startup_stm32f407xx.o(.text)
    EXTI1_IRQHandler                         0x08000243   Thumb Code     0  startup_stm32f407xx.o(.text)
    EXTI2_IRQHandler                         0x08000243   Thumb Code     0  startup_stm32f407xx.o(.text)
    EXTI3_IRQHandler                         0x08000243   Thumb Code     0  startup_stm32f407xx.o(.text)
    EXTI4_IRQHandler                         0x08000243   Thumb Code     0  startup_stm32f407xx.o(.text)
    EXTI9_5_IRQHandler                       0x08000243   Thumb Code     0  startup_stm32f407xx.o(.text)
    FLASH_IRQHandler                         0x08000243   Thumb Code     0  startup_stm32f407xx.o(.text)
    FMC_IRQHandler                           0x08000243   Thumb Code     0  startup_stm32f407xx.o(.text)
    FPU_IRQHandler                           0x08000243   Thumb Code     0  startup_stm32f407xx.o(.text)
    HASH_RNG_IRQHandler                      0x08000243   Thumb Code     0  startup_stm32f407xx.o(.text)
    I2C1_ER_IRQHandler                       0x08000243   Thumb Code     0  startup_stm32f407xx.o(.text)
    I2C1_EV_IRQHandler                       0x08000243   Thumb Code     0  startup_stm32f407xx.o(.text)
    I2C2_ER_IRQHandler                       0x08000243   Thumb Code     0  startup_stm32f407xx.o(.text)
    I2C2_EV_IRQHandler                       0x08000243   Thumb Code     0  startup_stm32f407xx.o(.text)
    I2C3_ER_IRQHandler                       0x08000243   Thumb Code     0  startup_stm32f407xx.o(.text)
    I2C3_EV_IRQHandler                       0x08000243   Thumb Code     0  startup_stm32f407xx.o(.text)
    OTG_FS_IRQHandler                        0x08000243   Thumb Code     0  startup_stm32f407xx.o(.text)
    OTG_FS_WKUP_IRQHandler                   0x08000243   Thumb Code     0  startup_stm32f407xx.o(.text)
    OTG_HS_EP1_IN_IRQHandler                 0x08000243   Thumb Code     0  startup_stm32f407xx.o(.text)
    OTG_HS_EP1_OUT_IRQHandler                0x08000243   Thumb Code     0  startup_stm32f407xx.o(.text)
    OTG_HS_IRQHandler                        0x08000243   Thumb Code     0  startup_stm32f407xx.o(.text)
    OTG_HS_WKUP_IRQHandler                   0x08000243   Thumb Code     0  startup_stm32f407xx.o(.text)
    PVD_IRQHandler                           0x08000243   Thumb Code     0  startup_stm32f407xx.o(.text)
    RCC_IRQHandler                           0x08000243   Thumb Code     0  startup_stm32f407xx.o(.text)
    RTC_Alarm_IRQHandler                     0x08000243   Thumb Code     0  startup_stm32f407xx.o(.text)
    RTC_WKUP_IRQHandler                      0x08000243   Thumb Code     0  startup_stm32f407xx.o(.text)
    SDIO_IRQHandler                          0x08000243   Thumb Code     0  startup_stm32f407xx.o(.text)
    SPI1_IRQHandler                          0x08000243   Thumb Code     0  startup_stm32f407xx.o(.text)
    SPI2_IRQHandler                          0x08000243   Thumb Code     0  startup_stm32f407xx.o(.text)
    SPI3_IRQHandler                          0x08000243   Thumb Code     0  startup_stm32f407xx.o(.text)
    TAMP_STAMP_IRQHandler                    0x08000243   Thumb Code     0  startup_stm32f407xx.o(.text)
    TIM1_BRK_TIM9_IRQHandler                 0x08000243   Thumb Code     0  startup_stm32f407xx.o(.text)
    TIM1_CC_IRQHandler                       0x08000243   Thumb Code     0  startup_stm32f407xx.o(.text)
    TIM1_TRG_COM_TIM11_IRQHandler            0x08000243   Thumb Code     0  startup_stm32f407xx.o(.text)
    TIM1_UP_TIM10_IRQHandler                 0x08000243   Thumb Code     0  startup_stm32f407xx.o(.text)
    TIM2_IRQHandler                          0x08000243   Thumb Code     0  startup_stm32f407xx.o(.text)
    TIM3_IRQHandler                          0x08000243   Thumb Code     0  startup_stm32f407xx.o(.text)
    TIM4_IRQHandler                          0x08000243   Thumb Code     0  startup_stm32f407xx.o(.text)
    TIM5_IRQHandler                          0x08000243   Thumb Code     0  startup_stm32f407xx.o(.text)
    TIM6_DAC_IRQHandler                      0x08000243   Thumb Code     0  startup_stm32f407xx.o(.text)
    TIM7_IRQHandler                          0x08000243   Thumb Code     0  startup_stm32f407xx.o(.text)
    TIM8_BRK_TIM12_IRQHandler                0x08000243   Thumb Code     0  startup_stm32f407xx.o(.text)
    TIM8_CC_IRQHandler                       0x08000243   Thumb Code     0  startup_stm32f407xx.o(.text)
    TIM8_TRG_COM_TIM14_IRQHandler            0x08000243   Thumb Code     0  startup_stm32f407xx.o(.text)
    TIM8_UP_TIM13_IRQHandler                 0x08000243   Thumb Code     0  startup_stm32f407xx.o(.text)
    UART4_IRQHandler                         0x08000243   Thumb Code     0  startup_stm32f407xx.o(.text)
    UART5_IRQHandler                         0x08000243   Thumb Code     0  startup_stm32f407xx.o(.text)
    USART1_IRQHandler                        0x08000243   Thumb Code     0  startup_stm32f407xx.o(.text)
    USART3_IRQHandler                        0x08000243   Thumb Code     0  startup_stm32f407xx.o(.text)
    USART6_IRQHandler                        0x08000243   Thumb Code     0  startup_stm32f407xx.o(.text)
    WWDG_IRQHandler                          0x08000243   Thumb Code     0  startup_stm32f407xx.o(.text)
    __user_initial_stackheap                 0x08000245   Thumb Code     0  startup_stm32f407xx.o(.text)
    __aeabi_uldivmod                         0x08000269   Thumb Code     0  lludivv7m.o(.text)
    _ll_udiv                                 0x08000269   Thumb Code   238  lludivv7m.o(.text)
    strlen                                   0x08000357   Thumb Code    62  strlen.o(.text)
    __aeabi_memclr4                          0x08000395   Thumb Code     0  rt_memclr_w.o(.text)
    __aeabi_memclr8                          0x08000395   Thumb Code     0  rt_memclr_w.o(.text)
    __rt_memclr_w                            0x08000395   Thumb Code    78  rt_memclr_w.o(.text)
    _memset_w                                0x08000399   Thumb Code     0  rt_memclr_w.o(.text)
    __use_two_region_memory                  0x080003e3   Thumb Code     2  heapauxi.o(.text)
    __rt_heap_escrow$2region                 0x080003e5   Thumb Code     2  heapauxi.o(.text)
    __rt_heap_expand$2region                 0x080003e7   Thumb Code     2  heapauxi.o(.text)
    __read_errno                             0x080003e9   Thumb Code    10  _rserrno.o(.text)
    __set_errno                              0x080003f3   Thumb Code    12  _rserrno.o(.text)
    __aeabi_errno_addr                       0x08000401   Thumb Code     8  rt_errno_addr_intlibspace.o(.text)
    __errno$intlibspace                      0x08000401   Thumb Code     0  rt_errno_addr_intlibspace.o(.text)
    __rt_errno_addr$intlibspace              0x08000401   Thumb Code     0  rt_errno_addr_intlibspace.o(.text)
    __user_libspace                          0x08000409   Thumb Code     8  libspace.o(.text)
    __user_perproc_libspace                  0x08000409   Thumb Code     0  libspace.o(.text)
    __user_perthread_libspace                0x08000409   Thumb Code     0  libspace.o(.text)
    __user_setup_stackheap                   0x08000411   Thumb Code    74  sys_stackheap_outer.o(.text)
    exit                                     0x0800045b   Thumb Code    18  exit.o(.text)
    _sys_exit                                0x0800046d   Thumb Code     8  sys_exit.o(.text)
    __I$use$semihosting                      0x08000479   Thumb Code     0  use_no_semi.o(.text)
    __use_no_semihosting_swi                 0x08000479   Thumb Code     2  use_no_semi.o(.text)
    BusFault_Handler                         0x0800047b   Thumb Code     2  stm32f4xx_it.o(i.BusFault_Handler)
    __semihosting_library_function           0x0800047b   Thumb Code     0  indicate_semi.o(.text)
    DELAY_TIM_Init                           0x0800047d   Thumb Code     4  delay_timer.o(i.DELAY_TIM_Init)
    DELAY_TIM_Us                             0x08000481   Thumb Code    16  delay_timer.o(i.DELAY_TIM_Us)
    DHT_Init                                 0x08000497   Thumb Code    40  dht.o(i.DHT_Init)
    DHT_ReadTempHum                          0x08000521   Thumb Code   344  dht.o(i.DHT_ReadTempHum)
    DebugMon_Handler                         0x08000727   Thumb Code     2  stm32f4xx_it.o(i.DebugMon_Handler)
    Decimal                                  0x08000729   Thumb Code    24  dht.o(i.Decimal)
    HAL_DMA_Abort                            0x08000741   Thumb Code   146  stm32f4xx_hal_dma.o(i.HAL_DMA_Abort)
    HAL_DMA_Abort_IT                         0x080007d3   Thumb Code    36  stm32f4xx_hal_dma.o(i.HAL_DMA_Abort_IT)
    HAL_Delay                                0x080007f9   Thumb Code    32  stm32f4xx_hal.o(i.HAL_Delay)
    HAL_GPIO_Init                            0x0800081d   Thumb Code   450  stm32f4xx_hal_gpio.o(i.HAL_GPIO_Init)
    HAL_GPIO_ReadPin                         0x08000a0d   Thumb Code    10  stm32f4xx_hal_gpio.o(i.HAL_GPIO_ReadPin)
    HAL_GPIO_WritePin                        0x08000a17   Thumb Code    10  stm32f4xx_hal_gpio.o(i.HAL_GPIO_WritePin)
    HAL_GetTick                              0x08000a21   Thumb Code     6  stm32f4xx_hal.o(i.HAL_GetTick)
    HAL_I2C_Init                             0x08000a2d   Thumb Code   376  stm32f4xx_hal_i2c.o(i.HAL_I2C_Init)
    HAL_I2C_MspInit                          0x08000bb5   Thumb Code    92  stm32f4xx_hal_msp.o(i.HAL_I2C_MspInit)
    HAL_IncTick                              0x08000c1d   Thumb Code    12  stm32f4xx_hal.o(i.HAL_IncTick)
    HAL_Init                                 0x08000c2d   Thumb Code    48  stm32f4xx_hal.o(i.HAL_Init)
    HAL_InitTick                             0x08000c61   Thumb Code    54  stm32f4xx_hal.o(i.HAL_InitTick)
    HAL_MspInit                              0x08000ca1   Thumb Code    42  stm32f4xx_hal_msp.o(i.HAL_MspInit)
    HAL_NVIC_EnableIRQ                       0x08000cd1   Thumb Code    26  stm32f4xx_hal_cortex.o(i.HAL_NVIC_EnableIRQ)
    HAL_NVIC_SetPriority                     0x08000ced   Thumb Code    60  stm32f4xx_hal_cortex.o(i.HAL_NVIC_SetPriority)
    HAL_NVIC_SetPriorityGrouping             0x08000d2d   Thumb Code    26  stm32f4xx_hal_cortex.o(i.HAL_NVIC_SetPriorityGrouping)
    HAL_RCC_ClockConfig                      0x08000d51   Thumb Code   288  stm32f4xx_hal_rcc.o(i.HAL_RCC_ClockConfig)
    HAL_RCC_GetPCLK1Freq                     0x08000e85   Thumb Code    20  stm32f4xx_hal_rcc.o(i.HAL_RCC_GetPCLK1Freq)
    HAL_RCC_GetPCLK2Freq                     0x08000ea5   Thumb Code    20  stm32f4xx_hal_rcc.o(i.HAL_RCC_GetPCLK2Freq)
    HAL_RCC_GetSysClockFreq                  0x08000ec5   Thumb Code    88  stm32f4xx_hal_rcc.o(i.HAL_RCC_GetSysClockFreq)
    HAL_RCC_OscConfig                        0x08000f25   Thumb Code   856  stm32f4xx_hal_rcc.o(i.HAL_RCC_OscConfig)
    HAL_SYSTICK_Config                       0x08001291   Thumb Code    40  stm32f4xx_hal_cortex.o(i.HAL_SYSTICK_Config)
    HAL_TIMEx_MasterConfigSynchronization    0x080012b9   Thumb Code   116  stm32f4xx_hal_tim_ex.o(i.HAL_TIMEx_MasterConfigSynchronization)
    HAL_TIM_Base_Init                        0x08001349   Thumb Code    90  stm32f4xx_hal_tim.o(i.HAL_TIM_Base_Init)
    HAL_TIM_Base_MspInit                     0x080013a5   Thumb Code    30  stm32f4xx_hal_msp.o(i.HAL_TIM_Base_MspInit)
    HAL_TIM_Base_Start                       0x080013cd   Thumb Code    90  stm32f4xx_hal_tim.o(i.HAL_TIM_Base_Start)
    HAL_TIM_ConfigClockSource                0x08001445   Thumb Code   220  stm32f4xx_hal_tim.o(i.HAL_TIM_ConfigClockSource)
    HAL_UARTEx_RxEventCallback               0x08001521   Thumb Code     2  stm32f4xx_hal_uart.o(i.HAL_UARTEx_RxEventCallback)
    HAL_UART_ErrorCallback                   0x08001523   Thumb Code     2  stm32f4xx_hal_uart.o(i.HAL_UART_ErrorCallback)
    HAL_UART_IRQHandler                      0x08001525   Thumb Code   610  stm32f4xx_hal_uart.o(i.HAL_UART_IRQHandler)
    HAL_UART_Init                            0x0800178d   Thumb Code    98  stm32f4xx_hal_uart.o(i.HAL_UART_Init)
    HAL_UART_MspInit                         0x080017f1   Thumb Code   108  stm32f4xx_hal_msp.o(i.HAL_UART_MspInit)
    HAL_UART_Receive_IT                      0x08001869   Thumb Code    42  stm32f4xx_hal_uart.o(i.HAL_UART_Receive_IT)
    HAL_UART_RxCpltCallback                  0x08001895   Thumb Code   112  main.o(i.HAL_UART_RxCpltCallback)
    HAL_UART_Transmit                        0x08001921   Thumb Code   178  stm32f4xx_hal_uart.o(i.HAL_UART_Transmit)
    HAL_UART_TxCpltCallback                  0x080019d3   Thumb Code     2  stm32f4xx_hal_uart.o(i.HAL_UART_TxCpltCallback)
    HardFault_Handler                        0x080019d5   Thumb Code     2  stm32f4xx_it.o(i.HardFault_Handler)
    MemManage_Handler                        0x08001ab1   Thumb Code     2  stm32f4xx_it.o(i.MemManage_Handler)
    NMI_Handler                              0x08001ab3   Thumb Code     2  stm32f4xx_it.o(i.NMI_Handler)
    PendSV_Handler                           0x08001ab5   Thumb Code     2  stm32f4xx_it.o(i.PendSV_Handler)
    SVC_Handler                              0x08001ab7   Thumb Code     2  stm32f4xx_it.o(i.SVC_Handler)
    StrCompare                               0x08001ab9   Thumb Code    28  main.o(i.StrCompare)
    SysTick_Handler                          0x08001ad5   Thumb Code     4  stm32f4xx_it.o(i.SysTick_Handler)
    SystemClock_Config                       0x08001ad9   Thumb Code   134  main.o(i.SystemClock_Config)
    SystemInit                               0x08001b69   Thumb Code    12  system_stm32f4xx.o(i.SystemInit)
    TIM_Base_SetConfig                       0x08001b79   Thumb Code   156  stm32f4xx_hal_tim.o(i.TIM_Base_SetConfig)
    TIM_ETR_SetConfig                        0x08001c41   Thumb Code    20  stm32f4xx_hal_tim.o(i.TIM_ETR_SetConfig)
    UART_Start_Receive_IT                    0x08001ed5   Thumb Code    54  stm32f4xx_hal_uart.o(i.UART_Start_Receive_IT)
    USART2_IRQHandler                        0x08001f85   Thumb Code     6  stm32f4xx_it.o(i.USART2_IRQHandler)
    UsageFault_Handler                       0x08001f91   Thumb Code     2  stm32f4xx_it.o(i.UsageFault_Handler)
    __ARM_fpclassify                         0x08001f93   Thumb Code    48  fpclassify.o(i.__ARM_fpclassify)
    __hardfp_pow                             0x08001fe9   Thumb Code  3072  pow.o(i.__hardfp_pow)
    __kernel_poly                            0x08002c39   Thumb Code   248  poly.o(i.__kernel_poly)
    __mathlib_dbl_divzero                    0x08002d31   Thumb Code    28  dunder.o(i.__mathlib_dbl_divzero)
    __mathlib_dbl_infnan2                    0x08002d61   Thumb Code    20  dunder.o(i.__mathlib_dbl_infnan2)
    __mathlib_dbl_invalid                    0x08002d79   Thumb Code    24  dunder.o(i.__mathlib_dbl_invalid)
    __mathlib_dbl_overflow                   0x08002d99   Thumb Code    24  dunder.o(i.__mathlib_dbl_overflow)
    __mathlib_dbl_underflow                  0x08002db9   Thumb Code    24  dunder.o(i.__mathlib_dbl_underflow)
    fabs                                     0x08002dd9   Thumb Code    24  fabs.o(i.fabs)
    main                                     0x08002df1   Thumb Code   146  main.o(i.main)
    sqrt                                     0x08002e9d   Thumb Code   110  sqrt.o(i.sqrt)
    subString                                0x08002f0b   Thumb Code    34  main.o(i.subString)
    __aeabi_dneg                             0x08002f2d   Thumb Code     0  basic.o(x$fpl$basic)
    _dneg                                    0x08002f2d   Thumb Code     6  basic.o(x$fpl$basic)
    __aeabi_fneg                             0x08002f33   Thumb Code     0  basic.o(x$fpl$basic)
    _fneg                                    0x08002f33   Thumb Code     6  basic.o(x$fpl$basic)
    _dabs                                    0x08002f39   Thumb Code     6  basic.o(x$fpl$basic)
    _fabs                                    0x08002f3f   Thumb Code     6  basic.o(x$fpl$basic)
    __aeabi_dadd                             0x08002f45   Thumb Code     0  daddsub_clz.o(x$fpl$dadd)
    _dadd                                    0x08002f45   Thumb Code   332  daddsub_clz.o(x$fpl$dadd)
    __fpl_dcheck_NaN1                        0x08003095   Thumb Code    10  dcheck1.o(x$fpl$dcheck1)
    __fpl_dcmp_Inf                           0x080030a5   Thumb Code    24  dcmpi.o(x$fpl$dcmpinf)
    __aeabi_ddiv                             0x080030bd   Thumb Code     0  ddiv.o(x$fpl$ddiv)
    _ddiv                                    0x080030bd   Thumb Code   552  ddiv.o(x$fpl$ddiv)
    __aeabi_d2iz                             0x0800336d   Thumb Code     0  dfix.o(x$fpl$dfix)
    _dfix                                    0x0800336d   Thumb Code    94  dfix.o(x$fpl$dfix)
    __aeabi_i2d                              0x080033cb   Thumb Code     0  dflt_clz.o(x$fpl$dflt)
    _dflt                                    0x080033cb   Thumb Code    46  dflt_clz.o(x$fpl$dflt)
    __aeabi_ui2d                             0x080033f9   Thumb Code     0  dflt_clz.o(x$fpl$dfltu)
    _dfltu                                   0x080033f9   Thumb Code    38  dflt_clz.o(x$fpl$dfltu)
    __aeabi_cdcmple                          0x08003421   Thumb Code     0  dleqf.o(x$fpl$dleqf)
    _dcmple                                  0x08003421   Thumb Code   120  dleqf.o(x$fpl$dleqf)
    __fpl_dcmple_InfNaN                      0x08003483   Thumb Code     0  dleqf.o(x$fpl$dleqf)
    __aeabi_dmul                             0x08003499   Thumb Code     0  dmul.o(x$fpl$dmul)
    _dmul                                    0x08003499   Thumb Code   332  dmul.o(x$fpl$dmul)
    __fpl_dnaninf                            0x080035ed   Thumb Code   156  dnaninf.o(x$fpl$dnaninf)
    __fpl_dretinf                            0x08003689   Thumb Code    12  dretinf.o(x$fpl$dretinf)
    __aeabi_cdrcmple                         0x08003695   Thumb Code     0  drleqf.o(x$fpl$drleqf)
    _drcmple                                 0x08003695   Thumb Code   108  drleqf.o(x$fpl$drleqf)
    __aeabi_drsub                            0x08003701   Thumb Code     0  daddsub_clz.o(x$fpl$drsb)
    _drsb                                    0x08003701   Thumb Code    22  daddsub_clz.o(x$fpl$drsb)
    _dsqrt                                   0x08003719   Thumb Code   404  dsqrt_umaal.o(x$fpl$dsqrt)
    __aeabi_dsub                             0x080038b1   Thumb Code     0  daddsub_clz.o(x$fpl$dsub)
    _dsub                                    0x080038b1   Thumb Code   464  daddsub_clz.o(x$fpl$dsub)
    __aeabi_f2d                              0x08003a85   Thumb Code     0  f2d.o(x$fpl$f2d)
    _f2d                                     0x08003a85   Thumb Code    86  f2d.o(x$fpl$f2d)
    __fpl_fnaninf                            0x08003adb   Thumb Code   140  fnaninf.o(x$fpl$fnaninf)
    _fp_init                                 0x08003b67   Thumb Code    10  fpinit.o(x$fpl$fpinit)
    __fplib_config_fpu_vfp                   0x08003b6f   Thumb Code     0  fpinit.o(x$fpl$fpinit)
    __fplib_config_pureend_doubles           0x08003b6f   Thumb Code     0  fpinit.o(x$fpl$fpinit)
    __fpl_return_NaN                         0x08003b71   Thumb Code   100  retnan.o(x$fpl$retnan)
    __ARM_scalbn                             0x08003bd5   Thumb Code    92  scalbn.o(x$fpl$scalbn)
    __fpl_cmpreturn                          0x08003c31   Thumb Code    48  trapv.o(x$fpl$trapveneer)
    AHBPrescTable                            0x08003c60   Data          16  system_stm32f4xx.o(.constdata)
    __I$use$fp                               0x08003c60   Number         0  usenofp.o(x$fpl$usenofp)
    APBPrescTable                            0x08003c70   Data           8  system_stm32f4xx.o(.constdata)
    __mathlib_zero                           0x08003d00   Data           8  qnan.o(.constdata)
    Region$$Table$$Base                      0x08003d08   Number         0  anon$$obj.o(Region$$Table)
    Region$$Table$$Limit                     0x08003d28   Number         0  anon$$obj.o(Region$$Table)
    g_strCommand                             0x20000000   Data           4  main.o(.data)
    nRxData                                  0x20000004   Data           7  main.o(.data)
    uwTickFreq                               0x2000000c   Data           1  stm32f4xx_hal.o(.data)
    uwTickPrio                               0x20000010   Data           4  stm32f4xx_hal.o(.data)
    uwTick                                   0x20000014   Data           4  stm32f4xx_hal.o(.data)
    SystemCoreClock                          0x20000018   Data           4  system_stm32f4xx.o(.data)
    hi2c1                                    0x2000001c   Data          84  main.o(.bss)
    htim4                                    0x20000070   Data          72  main.o(.bss)
    huart2                                   0x200000b8   Data          68  main.o(.bss)
    DHT1                                     0x200000fc   Data          40  main.o(.bss)
    __libspace_start                         0x20000124   Data          96  libspace.o(.bss)
    __temporary_stack_top$libspace           0x20000184   Data           0  libspace.o(.bss)



==============================================================================

Memory Map of the image

  Image Entry point : 0x08000189

  Load Region LR_IROM1 (Base: 0x08000000, Size: 0x00003d44, Max: 0x00100000, ABSOLUTE)

    Execution Region ER_IROM1 (Exec base: 0x08000000, Load base: 0x08000000, Size: 0x00003d28, Max: 0x00100000, ABSOLUTE)

    Exec Addr    Load Addr    Size         Type   Attr      Idx    E Section Name        Object

    0x08000000   0x08000000   0x00000188   Data   RO            3    RESET               startup_stm32f407xx.o
    0x08000188   0x08000188   0x00000008   Code   RO         3550  * !!!main             c_w.l(__main.o)
    0x08000190   0x08000190   0x00000034   Code   RO         3824    !!!scatter          c_w.l(__scatter.o)
    0x080001c4   0x080001c4   0x0000001a   Code   RO         3826    !!handler_copy      c_w.l(__scatter_copy.o)
    0x080001de   0x080001de   0x00000002   PAD
    0x080001e0   0x080001e0   0x0000001c   Code   RO         3828    !!handler_zi        c_w.l(__scatter_zi.o)
    0x080001fc   0x080001fc   0x00000002   Code   RO         3691    .ARM.Collect$$libinit$$00000000  c_w.l(libinit.o)
    0x080001fe   0x080001fe   0x00000004   Code   RO         3704    .ARM.Collect$$libinit$$00000001  c_w.l(libinit2.o)
    0x08000202   0x08000202   0x00000000   Code   RO         3707    .ARM.Collect$$libinit$$00000004  c_w.l(libinit2.o)
    0x08000202   0x08000202   0x00000000   Code   RO         3710    .ARM.Collect$$libinit$$0000000A  c_w.l(libinit2.o)
    0x08000202   0x08000202   0x00000000   Code   RO         3712    .ARM.Collect$$libinit$$0000000C  c_w.l(libinit2.o)
    0x08000202   0x08000202   0x00000000   Code   RO         3714    .ARM.Collect$$libinit$$0000000E  c_w.l(libinit2.o)
    0x08000202   0x08000202   0x00000000   Code   RO         3717    .ARM.Collect$$libinit$$00000011  c_w.l(libinit2.o)
    0x08000202   0x08000202   0x00000000   Code   RO         3719    .ARM.Collect$$libinit$$00000013  c_w.l(libinit2.o)
    0x08000202   0x08000202   0x00000000   Code   RO         3721    .ARM.Collect$$libinit$$00000015  c_w.l(libinit2.o)
    0x08000202   0x08000202   0x00000000   Code   RO         3723    .ARM.Collect$$libinit$$00000017  c_w.l(libinit2.o)
    0x08000202   0x08000202   0x00000000   Code   RO         3725    .ARM.Collect$$libinit$$00000019  c_w.l(libinit2.o)
    0x08000202   0x08000202   0x00000000   Code   RO         3727    .ARM.Collect$$libinit$$0000001B  c_w.l(libinit2.o)
    0x08000202   0x08000202   0x00000000   Code   RO         3729    .ARM.Collect$$libinit$$0000001D  c_w.l(libinit2.o)
    0x08000202   0x08000202   0x00000000   Code   RO         3731    .ARM.Collect$$libinit$$0000001F  c_w.l(libinit2.o)
    0x08000202   0x08000202   0x00000000   Code   RO         3733    .ARM.Collect$$libinit$$00000021  c_w.l(libinit2.o)
    0x08000202   0x08000202   0x00000000   Code   RO         3735    .ARM.Collect$$libinit$$00000023  c_w.l(libinit2.o)
    0x08000202   0x08000202   0x00000000   Code   RO         3737    .ARM.Collect$$libinit$$00000025  c_w.l(libinit2.o)
    0x08000202   0x08000202   0x00000000   Code   RO         3741    .ARM.Collect$$libinit$$0000002C  c_w.l(libinit2.o)
    0x08000202   0x08000202   0x00000000   Code   RO         3743    .ARM.Collect$$libinit$$0000002E  c_w.l(libinit2.o)
    0x08000202   0x08000202   0x00000000   Code   RO         3745    .ARM.Collect$$libinit$$00000030  c_w.l(libinit2.o)
    0x08000202   0x08000202   0x00000000   Code   RO         3747    .ARM.Collect$$libinit$$00000032  c_w.l(libinit2.o)
    0x08000202   0x08000202   0x00000002   Code   RO         3748    .ARM.Collect$$libinit$$00000033  c_w.l(libinit2.o)
    0x08000204   0x08000204   0x00000002   Code   RO         3781    .ARM.Collect$$libshutdown$$00000000  c_w.l(libshutdown.o)
    0x08000206   0x08000206   0x00000000   Code   RO         3807    .ARM.Collect$$libshutdown$$00000002  c_w.l(libshutdown2.o)
    0x08000206   0x08000206   0x00000000   Code   RO         3809    .ARM.Collect$$libshutdown$$00000004  c_w.l(libshutdown2.o)
    0x08000206   0x08000206   0x00000000   Code   RO         3812    .ARM.Collect$$libshutdown$$00000007  c_w.l(libshutdown2.o)
    0x08000206   0x08000206   0x00000000   Code   RO         3815    .ARM.Collect$$libshutdown$$0000000A  c_w.l(libshutdown2.o)
    0x08000206   0x08000206   0x00000000   Code   RO         3817    .ARM.Collect$$libshutdown$$0000000C  c_w.l(libshutdown2.o)
    0x08000206   0x08000206   0x00000000   Code   RO         3820    .ARM.Collect$$libshutdown$$0000000F  c_w.l(libshutdown2.o)
    0x08000206   0x08000206   0x00000002   Code   RO         3821    .ARM.Collect$$libshutdown$$00000010  c_w.l(libshutdown2.o)
    0x08000208   0x08000208   0x00000000   Code   RO         3586    .ARM.Collect$$rtentry$$00000000  c_w.l(__rtentry.o)
    0x08000208   0x08000208   0x00000000   Code   RO         3648    .ARM.Collect$$rtentry$$00000002  c_w.l(__rtentry2.o)
    0x08000208   0x08000208   0x00000006   Code   RO         3660    .ARM.Collect$$rtentry$$00000004  c_w.l(__rtentry4.o)
    0x0800020e   0x0800020e   0x00000000   Code   RO         3650    .ARM.Collect$$rtentry$$00000009  c_w.l(__rtentry2.o)
    0x0800020e   0x0800020e   0x00000004   Code   RO         3651    .ARM.Collect$$rtentry$$0000000A  c_w.l(__rtentry2.o)
    0x08000212   0x08000212   0x00000000   Code   RO         3653    .ARM.Collect$$rtentry$$0000000C  c_w.l(__rtentry2.o)
    0x08000212   0x08000212   0x00000008   Code   RO         3654    .ARM.Collect$$rtentry$$0000000D  c_w.l(__rtentry2.o)
    0x0800021a   0x0800021a   0x00000002   Code   RO         3696    .ARM.Collect$$rtexit$$00000000  c_w.l(rtexit.o)
    0x0800021c   0x0800021c   0x00000000   Code   RO         3754    .ARM.Collect$$rtexit$$00000002  c_w.l(rtexit2.o)
    0x0800021c   0x0800021c   0x00000004   Code   RO         3755    .ARM.Collect$$rtexit$$00000003  c_w.l(rtexit2.o)
    0x08000220   0x08000220   0x00000006   Code   RO         3756    .ARM.Collect$$rtexit$$00000004  c_w.l(rtexit2.o)
    0x08000226   0x08000226   0x00000002   PAD
    0x08000228   0x08000228   0x00000040   Code   RO            4    .text               startup_stm32f407xx.o
    0x08000268   0x08000268   0x000000ee   Code   RO         3542    .text               c_w.l(lludivv7m.o)
    0x08000356   0x08000356   0x0000003e   Code   RO         3544    .text               c_w.l(strlen.o)
    0x08000394   0x08000394   0x0000004e   Code   RO         3546    .text               c_w.l(rt_memclr_w.o)
    0x080003e2   0x080003e2   0x00000006   Code   RO         3548    .text               c_w.l(heapauxi.o)
    0x080003e8   0x080003e8   0x00000016   Code   RO         3591    .text               c_w.l(_rserrno.o)
    0x080003fe   0x080003fe   0x00000002   PAD
    0x08000400   0x08000400   0x00000008   Code   RO         3667    .text               c_w.l(rt_errno_addr_intlibspace.o)
    0x08000408   0x08000408   0x00000008   Code   RO         3675    .text               c_w.l(libspace.o)
    0x08000410   0x08000410   0x0000004a   Code   RO         3678    .text               c_w.l(sys_stackheap_outer.o)
    0x0800045a   0x0800045a   0x00000012   Code   RO         3680    .text               c_w.l(exit.o)
    0x0800046c   0x0800046c   0x0000000c   Code   RO         3751    .text               c_w.l(sys_exit.o)
    0x08000478   0x08000478   0x00000002   Code   RO         3770    .text               c_w.l(use_no_semi.o)
    0x0800047a   0x0800047a   0x00000000   Code   RO         3772    .text               c_w.l(indicate_semi.o)
    0x0800047a   0x0800047a   0x00000002   Code   RO          451    i.BusFault_Handler  stm32f4xx_it.o
    0x0800047c   0x0800047c   0x00000004   Code   RO          257    i.DELAY_TIM_Init    delay_timer.o
    0x08000480   0x08000480   0x00000010   Code   RO          259    i.DELAY_TIM_Us      delay_timer.o
    0x08000490   0x08000490   0x00000006   Code   RO          296    i.DHT_DelayUs       dht.o
    0x08000496   0x08000496   0x00000028   Code   RO          297    i.DHT_Init          dht.o
    0x080004be   0x080004be   0x00000058   Code   RO          298    i.DHT_Read          dht.o
    0x08000516   0x08000516   0x00000008   Code   RO          299    i.DHT_ReadPin       dht.o
    0x0800051e   0x0800051e   0x00000002   PAD
    0x08000520   0x08000520   0x00000160   Code   RO          300    i.DHT_ReadTempHum   dht.o
    0x08000680   0x08000680   0x00000026   Code   RO          301    i.DHT_SetPinIn      dht.o
    0x080006a6   0x080006a6   0x00000074   Code   RO          302    i.DHT_Start         dht.o
    0x0800071a   0x0800071a   0x0000000c   Code   RO          303    i.DHT_WritePin      dht.o
    0x08000726   0x08000726   0x00000002   Code   RO          452    i.DebugMon_Handler  stm32f4xx_it.o
    0x08000728   0x08000728   0x00000018   Code   RO          304    i.Decimal           dht.o
    0x08000740   0x08000740   0x00000092   Code   RO         1505    i.HAL_DMA_Abort     stm32f4xx_hal_dma.o
    0x080007d2   0x080007d2   0x00000024   Code   RO         1506    i.HAL_DMA_Abort_IT  stm32f4xx_hal_dma.o
    0x080007f6   0x080007f6   0x00000002   PAD
    0x080007f8   0x080007f8   0x00000024   Code   RO         1924    i.HAL_Delay         stm32f4xx_hal.o
    0x0800081c   0x0800081c   0x000001f0   Code   RO         1398    i.HAL_GPIO_Init     stm32f4xx_hal_gpio.o
    0x08000a0c   0x08000a0c   0x0000000a   Code   RO         1400    i.HAL_GPIO_ReadPin  stm32f4xx_hal_gpio.o
    0x08000a16   0x08000a16   0x0000000a   Code   RO         1402    i.HAL_GPIO_WritePin  stm32f4xx_hal_gpio.o
    0x08000a20   0x08000a20   0x0000000c   Code   RO         1930    i.HAL_GetTick       stm32f4xx_hal.o
    0x08000a2c   0x08000a2c   0x00000188   Code   RO          604    i.HAL_I2C_Init      stm32f4xx_hal_i2c.o
    0x08000bb4   0x08000bb4   0x00000068   Code   RO          534    i.HAL_I2C_MspInit   stm32f4xx_hal_msp.o
    0x08000c1c   0x08000c1c   0x00000010   Code   RO         1936    i.HAL_IncTick       stm32f4xx_hal.o
    0x08000c2c   0x08000c2c   0x00000034   Code   RO         1937    i.HAL_Init          stm32f4xx_hal.o
    0x08000c60   0x08000c60   0x00000040   Code   RO         1938    i.HAL_InitTick      stm32f4xx_hal.o
    0x08000ca0   0x08000ca0   0x00000030   Code   RO          535    i.HAL_MspInit       stm32f4xx_hal_msp.o
    0x08000cd0   0x08000cd0   0x0000001a   Code   RO         1787    i.HAL_NVIC_EnableIRQ  stm32f4xx_hal_cortex.o
    0x08000cea   0x08000cea   0x00000002   PAD
    0x08000cec   0x08000cec   0x00000040   Code   RO         1793    i.HAL_NVIC_SetPriority  stm32f4xx_hal_cortex.o
    0x08000d2c   0x08000d2c   0x00000024   Code   RO         1794    i.HAL_NVIC_SetPriorityGrouping  stm32f4xx_hal_cortex.o
    0x08000d50   0x08000d50   0x00000134   Code   RO         1044    i.HAL_RCC_ClockConfig  stm32f4xx_hal_rcc.o
    0x08000e84   0x08000e84   0x00000020   Code   RO         1051    i.HAL_RCC_GetPCLK1Freq  stm32f4xx_hal_rcc.o
    0x08000ea4   0x08000ea4   0x00000020   Code   RO         1052    i.HAL_RCC_GetPCLK2Freq  stm32f4xx_hal_rcc.o
    0x08000ec4   0x08000ec4   0x00000060   Code   RO         1053    i.HAL_RCC_GetSysClockFreq  stm32f4xx_hal_rcc.o
    0x08000f24   0x08000f24   0x0000036c   Code   RO         1056    i.HAL_RCC_OscConfig  stm32f4xx_hal_rcc.o
    0x08001290   0x08001290   0x00000028   Code   RO         1798    i.HAL_SYSTICK_Config  stm32f4xx_hal_cortex.o
    0x080012b8   0x080012b8   0x00000090   Code   RO         2900    i.HAL_TIMEx_MasterConfigSynchronization  stm32f4xx_hal_tim_ex.o
    0x08001348   0x08001348   0x0000005a   Code   RO         2177    i.HAL_TIM_Base_Init  stm32f4xx_hal_tim.o
    0x080013a2   0x080013a2   0x00000002   PAD
    0x080013a4   0x080013a4   0x00000028   Code   RO          537    i.HAL_TIM_Base_MspInit  stm32f4xx_hal_msp.o
    0x080013cc   0x080013cc   0x00000078   Code   RO         2180    i.HAL_TIM_Base_Start  stm32f4xx_hal_tim.o
    0x08001444   0x08001444   0x000000dc   Code   RO         2186    i.HAL_TIM_ConfigClockSource  stm32f4xx_hal_tim.o
    0x08001520   0x08001520   0x00000002   Code   RO         3159    i.HAL_UARTEx_RxEventCallback  stm32f4xx_hal_uart.o
    0x08001522   0x08001522   0x00000002   Code   RO         3173    i.HAL_UART_ErrorCallback  stm32f4xx_hal_uart.o
    0x08001524   0x08001524   0x00000268   Code   RO         3176    i.HAL_UART_IRQHandler  stm32f4xx_hal_uart.o
    0x0800178c   0x0800178c   0x00000062   Code   RO         3177    i.HAL_UART_Init     stm32f4xx_hal_uart.o
    0x080017ee   0x080017ee   0x00000002   PAD
    0x080017f0   0x080017f0   0x00000078   Code   RO          539    i.HAL_UART_MspInit  stm32f4xx_hal_msp.o
    0x08001868   0x08001868   0x0000002a   Code   RO         3182    i.HAL_UART_Receive_IT  stm32f4xx_hal_uart.o
    0x08001892   0x08001892   0x00000002   PAD
    0x08001894   0x08001894   0x0000008c   Code   RO          383    i.HAL_UART_RxCpltCallback  main.o
    0x08001920   0x08001920   0x000000b2   Code   RO         3185    i.HAL_UART_Transmit  stm32f4xx_hal_uart.o
    0x080019d2   0x080019d2   0x00000002   Code   RO         3188    i.HAL_UART_TxCpltCallback  stm32f4xx_hal_uart.o
    0x080019d4   0x080019d4   0x00000002   Code   RO          453    i.HardFault_Handler  stm32f4xx_it.o
    0x080019d6   0x080019d6   0x00000002   PAD
    0x080019d8   0x080019d8   0x00000070   Code   RO          384    i.MX_GPIO_Init      main.o
    0x08001a48   0x08001a48   0x00000068   Code   RO          385    i.MX_TIM4_Init      main.o
    0x08001ab0   0x08001ab0   0x00000002   Code   RO          454    i.MemManage_Handler  stm32f4xx_it.o
    0x08001ab2   0x08001ab2   0x00000002   Code   RO          455    i.NMI_Handler       stm32f4xx_it.o
    0x08001ab4   0x08001ab4   0x00000002   Code   RO          456    i.PendSV_Handler    stm32f4xx_it.o
    0x08001ab6   0x08001ab6   0x00000002   Code   RO          457    i.SVC_Handler       stm32f4xx_it.o
    0x08001ab8   0x08001ab8   0x0000001c   Code   RO          386    i.StrCompare        main.o
    0x08001ad4   0x08001ad4   0x00000004   Code   RO          458    i.SysTick_Handler   stm32f4xx_it.o
    0x08001ad8   0x08001ad8   0x00000090   Code   RO          387    i.SystemClock_Config  main.o
    0x08001b68   0x08001b68   0x00000010   Code   RO         3506    i.SystemInit        system_stm32f4xx.o
    0x08001b78   0x08001b78   0x000000c8   Code   RO         2270    i.TIM_Base_SetConfig  stm32f4xx_hal_tim.o
    0x08001c40   0x08001c40   0x00000014   Code   RO         2281    i.TIM_ETR_SetConfig  stm32f4xx_hal_tim.o
    0x08001c54   0x08001c54   0x00000010   Code   RO         2282    i.TIM_ITRx_SetConfig  stm32f4xx_hal_tim.o
    0x08001c64   0x08001c64   0x00000022   Code   RO         2288    i.TIM_TI1_ConfigInputStage  stm32f4xx_hal_tim.o
    0x08001c86   0x08001c86   0x00000024   Code   RO         2290    i.TIM_TI2_ConfigInputStage  stm32f4xx_hal_tim.o
    0x08001caa   0x08001caa   0x00000010   Code   RO         3190    i.UART_DMAAbortOnError  stm32f4xx_hal_uart.o
    0x08001cba   0x08001cba   0x0000004e   Code   RO         3200    i.UART_EndRxTransfer  stm32f4xx_hal_uart.o
    0x08001d08   0x08001d08   0x000000c0   Code   RO         3202    i.UART_Receive_IT   stm32f4xx_hal_uart.o
    0x08001dc8   0x08001dc8   0x0000010c   Code   RO         3203    i.UART_SetConfig    stm32f4xx_hal_uart.o
    0x08001ed4   0x08001ed4   0x00000036   Code   RO         3205    i.UART_Start_Receive_IT  stm32f4xx_hal_uart.o
    0x08001f0a   0x08001f0a   0x00000078   Code   RO         3206    i.UART_WaitOnFlagUntilTimeout  stm32f4xx_hal_uart.o
    0x08001f82   0x08001f82   0x00000002   PAD
    0x08001f84   0x08001f84   0x0000000c   Code   RO          459    i.USART2_IRQHandler  stm32f4xx_it.o
    0x08001f90   0x08001f90   0x00000002   Code   RO          460    i.UsageFault_Handler  stm32f4xx_it.o
    0x08001f92   0x08001f92   0x00000030   Code   RO         3630    i.__ARM_fpclassify  m_wm.l(fpclassify.o)
    0x08001fc2   0x08001fc2   0x00000020   Code   RO         1800    i.__NVIC_SetPriority  stm32f4xx_hal_cortex.o
    0x08001fe2   0x08001fe2   0x00000006   PAD
    0x08001fe8   0x08001fe8   0x00000c50   Code   RO         3572    i.__hardfp_pow      m_wm.l(pow.o)
    0x08002c38   0x08002c38   0x000000f8   Code   RO         3632    i.__kernel_poly     m_wm.l(poly.o)
    0x08002d30   0x08002d30   0x00000030   Code   RO         3610    i.__mathlib_dbl_divzero  m_wm.l(dunder.o)
    0x08002d60   0x08002d60   0x00000014   Code   RO         3612    i.__mathlib_dbl_infnan2  m_wm.l(dunder.o)
    0x08002d74   0x08002d74   0x00000004   PAD
    0x08002d78   0x08002d78   0x00000020   Code   RO         3613    i.__mathlib_dbl_invalid  m_wm.l(dunder.o)
    0x08002d98   0x08002d98   0x00000020   Code   RO         3614    i.__mathlib_dbl_overflow  m_wm.l(dunder.o)
    0x08002db8   0x08002db8   0x00000020   Code   RO         3616    i.__mathlib_dbl_underflow  m_wm.l(dunder.o)
    0x08002dd8   0x08002dd8   0x00000018   Code   RO         3626    i.fabs              m_wm.l(fabs.o)
    0x08002df0   0x08002df0   0x000000ac   Code   RO          388    i.main              main.o
    0x08002e9c   0x08002e9c   0x0000006e   Code   RO         3637    i.sqrt              m_wm.l(sqrt.o)
    0x08002f0a   0x08002f0a   0x00000022   Code   RO          389    i.subString         main.o
    0x08002f2c   0x08002f2c   0x00000018   Code   RO         3593    x$fpl$basic         fz_wm.l(basic.o)
    0x08002f44   0x08002f44   0x00000150   Code   RO         3552    x$fpl$dadd          fz_wm.l(daddsub_clz.o)
    0x08003094   0x08003094   0x00000010   Code   RO         3669    x$fpl$dcheck1       fz_wm.l(dcheck1.o)
    0x080030a4   0x080030a4   0x00000018   Code   RO         3692    x$fpl$dcmpinf       fz_wm.l(dcmpi.o)
    0x080030bc   0x080030bc   0x000002b0   Code   RO         3596    x$fpl$ddiv          fz_wm.l(ddiv.o)
    0x0800336c   0x0800336c   0x0000005e   Code   RO         3558    x$fpl$dfix          fz_wm.l(dfix.o)
    0x080033ca   0x080033ca   0x0000002e   Code   RO         3563    x$fpl$dflt          fz_wm.l(dflt_clz.o)
    0x080033f8   0x080033f8   0x00000026   Code   RO         3562    x$fpl$dfltu         fz_wm.l(dflt_clz.o)
    0x0800341e   0x0800341e   0x00000002   PAD
    0x08003420   0x08003420   0x00000078   Code   RO         3671    x$fpl$dleqf         fz_wm.l(dleqf.o)
    0x08003498   0x08003498   0x00000154   Code   RO         3568    x$fpl$dmul          fz_wm.l(dmul.o)
    0x080035ec   0x080035ec   0x0000009c   Code   RO         3599    x$fpl$dnaninf       fz_wm.l(dnaninf.o)
    0x08003688   0x08003688   0x0000000c   Code   RO         3601    x$fpl$dretinf       fz_wm.l(dretinf.o)
    0x08003694   0x08003694   0x0000006c   Code   RO         3603    x$fpl$drleqf        fz_wm.l(drleqf.o)
    0x08003700   0x08003700   0x00000016   Code   RO         3553    x$fpl$drsb          fz_wm.l(daddsub_clz.o)
    0x08003716   0x08003716   0x00000002   PAD
    0x08003718   0x08003718   0x00000198   Code   RO         3673    x$fpl$dsqrt         fz_wm.l(dsqrt_umaal.o)
    0x080038b0   0x080038b0   0x000001d4   Code   RO         3554    x$fpl$dsub          fz_wm.l(daddsub_clz.o)
    0x08003a84   0x08003a84   0x00000056   Code   RO         3570    x$fpl$f2d           fz_wm.l(f2d.o)
    0x08003ada   0x08003ada   0x0000008c   Code   RO         3605    x$fpl$fnaninf       fz_wm.l(fnaninf.o)
    0x08003b66   0x08003b66   0x0000000a   Code   RO         3766    x$fpl$fpinit        fz_wm.l(fpinit.o)
    0x08003b70   0x08003b70   0x00000064   Code   RO         3694    x$fpl$retnan        fz_wm.l(retnan.o)
    0x08003bd4   0x08003bd4   0x0000005c   Code   RO         3607    x$fpl$scalbn        fz_wm.l(scalbn.o)
    0x08003c30   0x08003c30   0x00000030   Code   RO         3749    x$fpl$trapveneer    fz_wm.l(trapv.o)
    0x08003c60   0x08003c60   0x00000000   Code   RO         3609    x$fpl$usenofp       fz_wm.l(usenofp.o)
    0x08003c60   0x08003c60   0x00000010   Data   RO         3507    .constdata          system_stm32f4xx.o
    0x08003c70   0x08003c70   0x00000008   Data   RO         3508    .constdata          system_stm32f4xx.o
    0x08003c78   0x08003c78   0x00000088   Data   RO         3575    .constdata          m_wm.l(pow.o)
    0x08003d00   0x08003d00   0x00000008   Data   RO         3634    .constdata          m_wm.l(qnan.o)
    0x08003d08   0x08003d08   0x00000020   Data   RO         3822    Region$$Table       anon$$obj.o


    Execution Region RW_IRAM1 (Exec base: 0x20000000, Load base: 0x08003d28, Size: 0x00000788, Max: 0x0001c000, ABSOLUTE)

    Exec Addr    Load Addr    Size         Type   Attr      Idx    E Section Name        Object

    0x20000000   0x08003d28   0x0000000b   Data   RW          391    .data               main.o
    0x2000000b   0x08003d33   0x00000001   PAD
    0x2000000c   0x08003d34   0x0000000c   Data   RW         1944    .data               stm32f4xx_hal.o
    0x20000018   0x08003d40   0x00000004   Data   RW         3509    .data               system_stm32f4xx.o
    0x2000001c        -       0x00000108   Zero   RW          390    .bss                main.o
    0x20000124        -       0x00000060   Zero   RW         3676    .bss                c_w.l(libspace.o)
    0x20000184   0x08003d44   0x00000004   PAD
    0x20000188        -       0x00000200   Zero   RW            2    HEAP                startup_stm32f407xx.o
    0x20000388        -       0x00000400   Zero   RW            1    STACK               startup_stm32f407xx.o


    Execution Region RW_IRAM2 (Exec base: 0x2001c000, Load base: 0x08003d44, Size: 0x00000000, Max: 0x00004000, ABSOLUTE)

    **** No section assigned to this execution region ****


==============================================================================

Image component sizes


      Code (inc. data)   RO Data    RW Data    ZI Data      Debug   Object Name

         0          0          0          0          0     697520   clcd_i2c.o
        20          0          0          0          0       1260   delay_timer.o
       684          8          0          0          0       6463   dht.o
       734         84          0         11        264       5614   main.o
        64         26        392          0       1536        836   startup_stm32f407xx.o
       180         28          0         12          0       9357   stm32f4xx_hal.o
       198         14          0          0          0      33911   stm32f4xx_hal_cortex.o
       182          0          0          0          0       2079   stm32f4xx_hal_dma.o
       516         46          0          0          0       2831   stm32f4xx_hal_gpio.o
       392         16          0          0          0       3103   stm32f4xx_hal_i2c.o
       312         40          0          0          0       2886   stm32f4xx_hal_msp.o
      1344         72          0          0          0       5204   stm32f4xx_hal_rcc.o
       736         74          0          0          0       6928   stm32f4xx_hal_tim.o
       144         28          0          0          0       1332   stm32f4xx_hal_tim_ex.o
      1668         16          0          0          0      11260   stm32f4xx_hal_uart.o
        32          6          0          0          0       4578   stm32f4xx_it.o
        16          4         24          4          0       1111   system_stm32f4xx.o

    ----------------------------------------------------------------------
      7244        462        448         28       1800     796273   Object Totals
         0          0         32          0          0          0   (incl. Generated)
        22          0          0          1          0          0   (incl. Padding)

    ----------------------------------------------------------------------

      Code (inc. data)   RO Data    RW Data    ZI Data      Debug   Library Member Name

         8          0          0          0          0         68   __main.o
         0          0          0          0          0          0   __rtentry.o
        12          0          0          0          0          0   __rtentry2.o
         6          0          0          0          0          0   __rtentry4.o
        52          8          0          0          0          0   __scatter.o
        26          0          0          0          0          0   __scatter_copy.o
        28          0          0          0          0          0   __scatter_zi.o
        22          0          0          0          0        100   _rserrno.o
        18          0          0          0          0         80   exit.o
         6          0          0          0          0        152   heapauxi.o
         0          0          0          0          0          0   indicate_semi.o
         2          0          0          0          0          0   libinit.o
         6          0          0          0          0          0   libinit2.o
         2          0          0          0          0          0   libshutdown.o
         2          0          0          0          0          0   libshutdown2.o
         8          4          0          0         96         68   libspace.o
       238          0          0          0          0        100   lludivv7m.o
         8          4          0          0          0         68   rt_errno_addr_intlibspace.o
        78          0          0          0          0         80   rt_memclr_w.o
         2          0          0          0          0          0   rtexit.o
        10          0          0          0          0          0   rtexit2.o
        62          0          0          0          0         76   strlen.o
        12          4          0          0          0         68   sys_exit.o
        74          0          0          0          0         80   sys_stackheap_outer.o
         2          0          0          0          0         68   use_no_semi.o
        24          0          0          0          0        164   basic.o
       826         16          0          0          0        492   daddsub_clz.o
        16          4          0          0          0        116   dcheck1.o
        24          0          0          0          0        116   dcmpi.o
       688        140          0          0          0        256   ddiv.o
        94          4          0          0          0        140   dfix.o
        84          0          0          0          0        232   dflt_clz.o
       120          4          0          0          0        140   dleqf.o
       340         12          0          0          0        152   dmul.o
       156          4          0          0          0        140   dnaninf.o
        12          0          0          0          0        116   dretinf.o
       108          0          0          0          0        128   drleqf.o
       408         56          0          0          0        168   dsqrt_umaal.o
        86          4          0          0          0        132   f2d.o
       140          4          0          0          0        132   fnaninf.o
        10          0          0          0          0        116   fpinit.o
       100          0          0          0          0        116   retnan.o
        92          0          0          0          0        116   scalbn.o
        48          0          0          0          0        116   trapv.o
         0          0          0          0          0          0   usenofp.o
       164         44          0          0          0        620   dunder.o
        24          0          0          0          0        124   fabs.o
        48          0          0          0          0        124   fpclassify.o
       248          0          0          0          0        152   poly.o
      3152        296        136          0          0        352   pow.o
         0          0          8          0          0          0   qnan.o
       110          0          0          0          0        148   sqrt.o

    ----------------------------------------------------------------------
      7820        608        144          0        100       5616   Library Totals
        14          0          0          0          4          0   (incl. Padding)

    ----------------------------------------------------------------------

      Code (inc. data)   RO Data    RW Data    ZI Data      Debug   Library Name

       684         20          0          0         96       1008   c_w.l
      3376        248          0          0          0       3088   fz_wm.l
      3746        340        144          0          0       1520   m_wm.l

    ----------------------------------------------------------------------
      7820        608        144          0        100       5616   Library Totals

    ----------------------------------------------------------------------

==============================================================================


      Code (inc. data)   RO Data    RW Data    ZI Data      Debug   

     15064       1070        592         28       1900     791573   Grand Totals
     15064       1070        592         28       1900     791573   ELF Image Totals
     15064       1070        592         28          0          0   ROM Totals

==============================================================================

    Total RO  Size (Code + RO Data)                15656 (  15.29kB)
    Total RW  Size (RW Data + ZI Data)              1928 (   1.88kB)
    Total ROM Size (Code + RO Data + RW Data)      15684 (  15.32kB)

==============================================================================

